Archive member included to satisfy reference by file (symbol)

C:/Program Files/SEGGER/SEGGER Embedded Studio for ARM 4.52c/lib/libm_v7em_fpv4_sp_d16_hard_t_le_eabi.a(libm_asm.o)
                              Output/ble_long_range_beacon Release/Obj/main_v2.o (__aeabi_dadd)
C:/Program Files/SEGGER/SEGGER Embedded Studio for ARM 4.52c/lib/libm_v7em_fpv4_sp_d16_hard_t_le_eabi.a(libm2.o)
                              Output/ble_long_range_beacon Release/Obj/main_v2.o (fmod)
C:/Program Files/SEGGER/SEGGER Embedded Studio for ARM 4.52c/lib/libc_v7em_fpv4_sp_d16_hard_t_le_eabi.a(libc2.o)
                              C:/Program Files/SEGGER/SEGGER Embedded Studio for ARM 4.52c/lib/libm_v7em_fpv4_sp_d16_hard_t_le_eabi.a(libm2.o) (__aeabi_errno_addr)
C:/Program Files/SEGGER/SEGGER Embedded Studio for ARM 4.52c/lib/libc_v7em_fpv4_sp_d16_hard_t_le_eabi.a(libc2_asm.o)
                              Output/ble_long_range_beacon Release/Obj/app_scheduler.o (memcpy)
C:/Program Files/SEGGER/SEGGER Embedded Studio for ARM 4.52c/lib/libc_v7em_fpv4_sp_d16_hard_t_le_eabi.a(libc.o)
                              C:/Program Files/SEGGER/SEGGER Embedded Studio for ARM 4.52c/lib/libc_v7em_fpv4_sp_d16_hard_t_le_eabi.a(libc2.o) (__heap_lock)
C:/Program Files/SEGGER/SEGGER Embedded Studio for ARM 4.52c/lib/libc_v7em_fpv4_sp_d16_hard_t_le_eabi.a(libc_asm.o)
                              C:/Program Files/SEGGER/SEGGER Embedded Studio for ARM 4.52c/lib/libc_v7em_fpv4_sp_d16_hard_t_le_eabi.a(libc2.o) (__aeabi_uldivmod)
C:/Program Files/SEGGER/SEGGER Embedded Studio for ARM 4.52c/lib/libdebugio_v7em_fpv4_sp_d16_hard_t_le_eabi.a(libdebugio.o)
                              Output/ble_long_range_beacon Release/Obj/thumb_crt0.o (debug_fopen)
C:/Program Files/SEGGER/SEGGER Embedded Studio for ARM 4.52c/lib/libdebugio_mempoll_v7em_fpv4_sp_d16_hard_t_le_eabi.a(mempoll_debug_operations.o)
                              C:/Program Files/SEGGER/SEGGER Embedded Studio for ARM 4.52c/lib/libdebugio_v7em_fpv4_sp_d16_hard_t_le_eabi.a(libdebugio.o) (__do_debug_operation)
C:/Program Files/SEGGER/SEGGER Embedded Studio for ARM 4.52c/lib/libdebugio_mempoll_v7em_fpv4_sp_d16_hard_t_le_eabi.a(do_nv_debug_operation.o)
                              C:/Program Files/SEGGER/SEGGER Embedded Studio for ARM 4.52c/lib/libdebugio_v7em_fpv4_sp_d16_hard_t_le_eabi.a(libdebugio.o) (__do_nvdebug_operation)

Discarded input sections

 .text          0x0000000000000000        0x0 Output/ble_long_range_beacon Release/Obj/thumb_crt0.o
 .data          0x0000000000000000        0x0 Output/ble_long_range_beacon Release/Obj/thumb_crt0.o
 .bss           0x0000000000000000        0x0 Output/ble_long_range_beacon Release/Obj/thumb_crt0.o
 .text.abort    0x0000000000000000        0x2 Output/ble_long_range_beacon Release/Obj/thumb_crt0.o
 .text.__assert
                0x0000000000000000        0x2 Output/ble_long_range_beacon Release/Obj/thumb_crt0.o
 .text.__assert_func
                0x0000000000000000        0x2 Output/ble_long_range_beacon Release/Obj/thumb_crt0.o
 .text.__aeabi_assert
                0x0000000000000000        0x2 Output/ble_long_range_beacon Release/Obj/thumb_crt0.o
 .text.__sync_synchronize
                0x0000000000000000        0x2 Output/ble_long_range_beacon Release/Obj/thumb_crt0.o
 .text.__getchar
                0x0000000000000000        0x4 Output/ble_long_range_beacon Release/Obj/thumb_crt0.o
 .text.__putchar
                0x0000000000000000        0x4 Output/ble_long_range_beacon Release/Obj/thumb_crt0.o
 .text.__open   0x0000000000000000        0x4 Output/ble_long_range_beacon Release/Obj/thumb_crt0.o
 .text.__close  0x0000000000000000        0x4 Output/ble_long_range_beacon Release/Obj/thumb_crt0.o
 .text.__write  0x0000000000000000        0xa Output/ble_long_range_beacon Release/Obj/thumb_crt0.o
 .text.__read   0x0000000000000000        0xa Output/ble_long_range_beacon Release/Obj/thumb_crt0.o
 .text.__seek   0x0000000000000000       0x1a Output/ble_long_range_beacon Release/Obj/thumb_crt0.o
 .bss.__user_locale_name_buffer
                0x0000000000000000        0x4 Output/ble_long_range_beacon Release/Obj/thumb_crt0.o
 .stack         0x0000000000000000        0x0 Output/ble_long_range_beacon Release/Obj/thumb_crt0.o
 .stack_process
                0x0000000000000000        0x0 Output/ble_long_range_beacon Release/Obj/thumb_crt0.o
 .heap          0x0000000000000000        0x0 Output/ble_long_range_beacon Release/Obj/thumb_crt0.o
 .group         0x0000000000000000        0xc Output/ble_long_range_beacon Release/Obj/nrf_log_backend_rtt.o
 .group         0x0000000000000000        0xc Output/ble_long_range_beacon Release/Obj/nrf_log_backend_rtt.o
 .group         0x0000000000000000        0xc Output/ble_long_range_beacon Release/Obj/nrf_log_backend_rtt.o
 .group         0x0000000000000000        0xc Output/ble_long_range_beacon Release/Obj/nrf_log_backend_rtt.o
[...]
Memory Configuration

Name             Origin             Length             Attributes
UNPLACED_SECTIONS 0x0000000100000000 0x0000000000000000 xw
RAM              0x0000000020000000 0x0000000000040000 xw
FLASH            0x0000000000000000 0x0000000000100000 xw
*default*        0x0000000000000000 0xffffffffffffffff

Linker script and memory map

                0x0000000000000000                __vfprintf = __vfprintf_long
                0x0000000000000000                __vfscanf = __vfscanf_long
                0x0000000020000000                __RAM_segment_start__ = 0x20000000
                0x0000000020040000                __RAM_segment_end__ = 0x20040000
                0x0000000000040000                __RAM_segment_size__ = 0x40000
                0x0000000000000000                __FLASH_segment_start__ = 0x0
                0x0000000000100000                __FLASH_segment_end__ = 0x100000
                0x0000000000100000                __FLASH_segment_size__ = 0x100000
                0x0000000000002000                __HEAPSIZE__ = 0x2000
                0x0000000000000000                __STACKSIZE_PROCESS__ = 0x0
                0x0000000000002000                __STACKSIZE__ = 0x2000
                0x0000000020000000                __reserved_ram_load_start__ = 0x20000000

.reserved_ram   0x0000000020000000     0x18d8
                0x0000000020000000                __reserved_ram_start__ = .
 *(.reserved_ram .reserved_ram.*)
                0x00000000200018d8                . = MAX (((__reserved_ram_start__ + 0x200018d8) - 0x20000000), .)
 *fill*         0x0000000020000000     0x18d8 
                0x00000000200018d8                __reserved_ram_end__ = (__reserved_ram_start__ + SIZEOF (.reserved_ram))
                0x00000000000018d8                __reserved_ram_size__ = SIZEOF (.reserved_ram)
                0x00000000200018d8                __reserved_ram_load_end__ = __reserved_ram_end__
                0x0000000000000001                . = ASSERT (((__reserved_ram_start__ == __reserved_ram_end__) || ((__reserved_ram_end__ - __RAM_segment_start__) <= __RAM_segment_size__)), error: .reserved_ram is too large to fit in RAM memory segment)
                0x00000000200018d8                __vectors_ram_load_start__ = 0x200018d8

.vectors_ram    0x00000000200018d8        0x0
                0x00000000200018d8                __vectors_ram_start__ = .
                0x00000000200018d8                __app_ram_start__ = __vectors_ram_start__
 *(.vectors_ram .vectors_ram.*)
                0x00000000200018d8                __vectors_ram_end__ = (__vectors_ram_start__ + SIZEOF (.vectors_ram))
                0x0000000000000000                __vectors_ram_size__ = SIZEOF (.vectors_ram)
                0x00000000200018d8                __vectors_ram_load_end__ = __vectors_ram_end__
                0x0000000000000001                . = ASSERT (((__vectors_ram_start__ == __vectors_ram_end__) || ((__vectors_ram_end__ - __RAM_segment_start__) <= __RAM_segment_size__)), error: .vectors_ram is too large to fit in RAM memory segment)
                0x0000000000000001                . = ASSERT ((__reserved_ram_end__ <= __vectors_ram_start__), error: section .reserved_ram overlaps absolute placed section .vectors_ram)
                0x00000000200018d8                __nrf_sections_run_load_start__ = ALIGN (__vectors_ram_end__, 0x4)

.nrf_sections_run
                0x00000000200018d8        0x0
                0x00000000200018d8                __nrf_sections_run_start__ = .
                0x00000000200018d8                __start_nrf_sections_run = __nrf_sections_run_start__
 *(.nrf_sections_run .nrf_sections_run.*)
                0x00000000200018d8                __nrf_sections_run_end__ = (__nrf_sections_run_start__ + SIZEOF (.nrf_sections_run))
                0x0000000000000000                __nrf_sections_run_size__ = SIZEOF (.nrf_sections_run)
                0x00000000200018d8                __nrf_sections_run_load_end__ = __nrf_sections_run_end__
                0x0000000000000001                . = ASSERT (((__nrf_sections_run_start__ == __nrf_sections_run_end__) || ((__nrf_sections_run_end__ - __RAM_segment_start__) <= __RAM_segment_size__)), error: .nrf_sections_run is too large to fit in RAM memory segment)
                0x0000000000000000                __reserved_flash_load_start__ = 0x0

.reserved_flash
                0x0000000000000000    0x27000
                0x0000000000000000                __reserved_flash_start__ = .
 *(.reserved_flash .reserved_flash.*)
                0x0000000000027000                . = MAX (((__reserved_flash_start__ + 0x27000) - 0x0), .)
 *fill*         0x0000000000000000    0x27000 
                0x0000000000027000                __reserved_flash_end__ = (__reserved_flash_start__ + SIZEOF (.reserved_flash))
                0x0000000000027000                __reserved_flash_size__ = SIZEOF (.reserved_flash)
                0x0000000000027000                __reserved_flash_load_end__ = __reserved_flash_end__
                0x0000000000000001                . = ASSERT (((__reserved_flash_start__ == __reserved_flash_end__) || ((__reserved_flash_end__ - __FLASH_segment_start__) <= __FLASH_segment_size__)), error: .reserved_flash is too large to fit in FLASH memory segment)
                0x0000000000027000                __vectors_load_start__ = 0x27000

.vectors        0x0000000000027000      0x200
                0x0000000000027000                __vectors_start__ = .
 *(.vectors .vectors.*)
 .vectors       0x0000000000027000      0x200 Output/ble_long_range_beacon Release/Obj/ses_startup_nrf52840.o
                0x0000000000027000                _vectors
                0x0000000000027200                __vectors_end__ = (__vectors_start__ + SIZEOF (.vectors))
                0x0000000000000200                __vectors_size__ = SIZEOF (.vectors)
                0x0000000000027200                __vectors_load_end__ = __vectors_end__
                0x0000000000000001                . = ASSERT (((__vectors_start__ == __vectors_end__) || ((__vectors_end__ - __FLASH_segment_start__) <= __FLASH_segment_size__)), error: .vectors is too large to fit in FLASH memory segment)
                0x0000000000000001                . = ASSERT ((__reserved_flash_end__ <= __vectors_start__), error: section .reserved_flash overlaps absolute placed section .vectors)
                0x0000000000027200                __init_load_start__ = ALIGN (__vectors_end__, 0x4)

.init           0x0000000000027200      0x1d0
                0x0000000000027200                __init_start__ = .
 *(.init .init.*)
 .init          0x0000000000027200      0x15c Output/ble_long_range_beacon Release/Obj/thumb_crt0.o
                0x0000000000027200                _start
                0x00000000000272b4                exit
 .init          0x000000000002735c       0x18 Output/ble_long_range_beacon Release/Obj/ses_startup_nrf52840.o
                0x000000000002735c                NMI_Handler
                0x000000000002735e                HardFault_Handler
                0x0000000000027360                MemoryManagement_Handler
                0x0000000000027362                BusFault_Handler
                0x0000000000027364                UsageFault_Handler
                0x0000000000027366                SVC_Handler
                0x0000000000027368                DebugMon_Handler
                0x000000000002736a                PendSV_Handler
                0x000000000002736c                SysTick_Handler
                0x000000000002736e                POWER_CLOCK_IRQHandler
                0x000000000002736e                RADIO_IRQHandler
                0x000000000002736e                PDM_IRQHandler
                0x000000000002736e                TEMP_IRQHandler
                0x000000000002736e                PWM1_IRQHandler
                0x000000000002736e                TIMER3_IRQHandler
                0x000000000002736e                PWM3_IRQHandler
                0x000000000002736e                FPU_IRQHandler
                0x000000000002736e                USBD_IRQHandler
                0x000000000002736e                SPIM0_SPIS0_TWIM0_TWIS0_SPI0_TWI0_IRQHandler
                0x000000000002736e                QDEC_IRQHandler
                0x000000000002736e                TIMER4_IRQHandler
                0x000000000002736e                CRYPTOCELL_IRQHandler
                0x000000000002736e                QSPI_IRQHandler
                0x000000000002736e                SWI4_EGU4_IRQHandler
                0x000000000002736e                TIMER0_IRQHandler
                0x000000000002736e                UARTE1_IRQHandler
                0x000000000002736e                Dummy_Handler
                0x000000000002736e                SPIM3_IRQHandler
                0x000000000002736e                PWM2_IRQHandler
                0x000000000002736e                ECB_IRQHandler
                0x000000000002736e                SPIM1_SPIS1_TWIM1_TWIS1_SPI1_TWI1_IRQHandler
                0x000000000002736e                CCM_AAR_IRQHandler
                0x000000000002736e                WDT_IRQHandler
                0x000000000002736e                SWI0_EGU0_IRQHandler
                0x000000000002736e                SWI5_EGU5_IRQHandler
                0x000000000002736e                RNG_IRQHandler
                0x000000000002736e                RTC2_IRQHandler
                0x000000000002736e                PWM0_IRQHandler
                0x000000000002736e                SWI3_EGU3_IRQHandler
                0x000000000002736e                SWI1_EGU1_IRQHandler
                0x000000000002736e                SPIM2_SPIS2_SPI2_IRQHandler
                0x000000000002736e                NFCT_IRQHandler
                0x000000000002736e                RTC0_IRQHandler
                0x000000000002736e                MWU_IRQHandler
                0x000000000002736e                I2S_IRQHandler
                0x000000000002736e                COMP_LPCOMP_IRQHandler
                0x0000000000027370                nRFInitialize
 .init          0x0000000000027374       0x5c Output/ble_long_range_beacon Release/Obj/ses_startup_nrf_common.o
                0x0000000000027374                Reset_Handler
                0x0000000000027378                afterInitialize
                0x000000000002739c                InitializeUserMemorySections
                0x00000000000273d0                __init_end__ = (__init_start__ + SIZEOF (.init))
                0x00000000000001d0                __init_size__ = SIZEOF (.init)
                0x00000000000273d0                __init_load_end__ = __init_end__
                0x0000000000000001                . = ASSERT (((__init_start__ == __init_end__) || ((__init_end__ - __FLASH_segment_start__) <= __FLASH_segment_size__)), error: .init is too large to fit in FLASH memory segment)
                0x00000000000273d0                __init_rodata_load_start__ = ALIGN (__init_end__, 0x4)

.init_rodata    0x00000000000273d0        0x0
                0x00000000000273d0                __init_rodata_start__ = .
 *(.init_rodata .init_rodata.*)
                0x00000000000273d0                __init_rodata_end__ = (__init_rodata_start__ + SIZEOF (.init_rodata))
                0x0000000000000000                __init_rodata_size__ = SIZEOF (.init_rodata)
                0x00000000000273d0                __init_rodata_load_end__ = __init_rodata_end__
                0x0000000000000001                . = ASSERT (((__init_rodata_start__ == __init_rodata_end__) || ((__init_rodata_end__ - __FLASH_segment_start__) <= __FLASH_segment_size__)), error: .init_rodata is too large to fit in FLASH memory segment)
                0x00000000000273d0                __text_load_start__ = ALIGN (__init_rodata_end__, 0x4)

.text           0x00000000000273d0     0x442a
                0x00000000000273d0                __text_start__ = .
 *(.text .text.* .glue_7t .glue_7 .gnu.linkonce.t.* .gcc_except_table .ARM.extab* .gnu.linkonce.armextab.*)
 .glue_7        0x00000000000273d0        0x0 linker stubs
 .glue_7t       0x00000000000273d0        0x0 linker stubs
 .text.__aeabi_read_tp
                0x00000000000273d0        0x8 Output/ble_long_range_beacon Release/Obj/thumb_crt0.o
                0x00000000000273d0                __aeabi_read_tp
 .text.app_error_handler_bare
                0x00000000000273d8       0x1a Output/ble_long_range_beacon Release/Obj/app_error.o
                0x00000000000273d8                app_error_handler_bare
 *fill*         0x00000000000273f2        0x2 
 .text.app_error_fault_handler
                0x00000000000273f4       0x34 Output/ble_long_range_beacon Release/Obj/app_error_weak.o
                0x00000000000273f4                app_error_fault_handler
 .text.compare_func
                0x0000000000027428       0x16 Output/ble_long_range_beacon Release/Obj/app_timer2.o
 *fill*         0x000000000002743e        0x2 
 .text.get_now  0x0000000000027440       0x3c Output/ble_long_range_beacon Release/Obj/app_timer2.o
 .text.timer_expire
                0x000000000002747c       0x6c Output/ble_long_range_beacon Release/Obj/app_timer2.o
 .text.app_timer_init
                0x00000000000274e8       0x64 Output/ble_long_range_beacon Release/Obj/app_timer2.o
                0x00000000000274e8                app_timer_init
 .text.app_timer_cnt_get
                0x000000000002754c        0xc Output/ble_long_range_beacon Release/Obj/app_timer2.o
                0x000000000002754c                app_timer_cnt_get
 .text.rtc_irq  0x0000000000027558      0x198 Output/ble_long_range_beacon Release/Obj/app_timer2.o
 .text.app_util_critical_region_enter
                0x00000000000276f0       0x48 Output/ble_long_range_beacon Release/Obj/app_util_platform.o
                0x00000000000276f0                app_util_critical_region_enter
 .text.app_util_critical_region_exit
                0x0000000000027738       0x2c Output/ble_long_range_beacon Release/Obj/app_util_platform.o
                0x0000000000027738                app_util_critical_region_exit
 .text.evt_pending.isra.0
                0x0000000000027764       0x1a Output/ble_long_range_beacon Release/Obj/drv_rtc.o
 *fill*         0x000000000002777e        0x2 
 .text.drv_rtc_init
                0x0000000000027780       0x7c Output/ble_long_range_beacon Release/Obj/drv_rtc.o
                0x0000000000027780                drv_rtc_init
 .text.drv_rtc_start
                0x00000000000277fc        0x8 Output/ble_long_range_beacon Release/Obj/drv_rtc.o
                0x00000000000277fc                drv_rtc_start
 .text.drv_rtc_stop
                0x0000000000027804        0x8 Output/ble_long_range_beacon Release/Obj/drv_rtc.o
                0x0000000000027804                drv_rtc_stop
 .text.drv_rtc_compare_set
                0x000000000002780c       0x3e Output/ble_long_range_beacon Release/Obj/drv_rtc.o
                0x000000000002780c                drv_rtc_compare_set
 *fill*         0x000000000002784a        0x2 
 .text.drv_rtc_windowed_compare_set
                0x000000000002784c       0xf0 Output/ble_long_range_beacon Release/Obj/drv_rtc.o
                0x000000000002784c                drv_rtc_windowed_compare_set
 .text.drv_rtc_overflow_enable
                0x000000000002793c       0x10 Output/ble_long_range_beacon Release/Obj/drv_rtc.o
                0x000000000002793c                drv_rtc_overflow_enable
 .text.drv_rtc_overflow_pending
                0x000000000002794c        0xa Output/ble_long_range_beacon Release/Obj/drv_rtc.o
                0x000000000002794c                drv_rtc_overflow_pending
 .text.drv_rtc_compare_disable
                0x0000000000027956       0x14 Output/ble_long_range_beacon Release/Obj/drv_rtc.o
                0x0000000000027956                drv_rtc_compare_disable
 .text.drv_rtc_compare_pending
                0x000000000002796a        0xc Output/ble_long_range_beacon Release/Obj/drv_rtc.o
                0x000000000002796a                drv_rtc_compare_pending
 .text.drv_rtc_counter_get
                0x0000000000027976        0x8 Output/ble_long_range_beacon Release/Obj/drv_rtc.o
                0x0000000000027976                drv_rtc_counter_get
 *fill*         0x000000000002797e        0x2 
 .text.RTC1_IRQHandler
                0x0000000000027980       0x14 Output/ble_long_range_beacon Release/Obj/drv_rtc.o
                0x0000000000027980                RTC1_IRQHandler
 .text.nrf_atfifo_init
                0x0000000000027994       0x26 Output/ble_long_range_beacon Release/Obj/nrf_atfifo.o
                0x0000000000027994                nrf_atfifo_init
 .text.nrf_atfifo_item_get
                0x00000000000279ba       0x56 Output/ble_long_range_beacon Release/Obj/nrf_atfifo.o
                0x00000000000279ba                nrf_atfifo_item_get
 .text.nrf_atfifo_item_free
                0x0000000000027a10       0x20 Output/ble_long_range_beacon Release/Obj/nrf_atfifo.o
                0x0000000000027a10                nrf_atfifo_item_free
 .text.sd_app_evt_wait
                0x0000000000027a30        0x4 Output/ble_long_range_beacon Release/Obj/nrf_pwr_mgmt.o
 .text.nrf_pwr_mgmt_init
                0x0000000000027a34       0x2c Output/ble_long_range_beacon Release/Obj/nrf_pwr_mgmt.o
                0x0000000000027a34                nrf_pwr_mgmt_init
 .text.nrf_pwr_mgmt_run
                0x0000000000027a60       0x4c Output/ble_long_range_beacon Release/Obj/nrf_pwr_mgmt.o
                0x0000000000027a60                nrf_pwr_mgmt_run
 .text.nrf_section_iter_init
                0x0000000000027aac       0x14 Output/ble_long_range_beacon Release/Obj/nrf_section_iter.o
                0x0000000000027aac                nrf_section_iter_init
 .text.nrf_section_iter_next
                0x0000000000027ac0       0x18 Output/ble_long_range_beacon Release/Obj/nrf_section_iter.o
                0x0000000000027ac0                nrf_section_iter_next
 .text.nrf_sortlist_add
                0x0000000000027ad8       0x20 Output/ble_long_range_beacon Release/Obj/nrf_sortlist.o
                0x0000000000027ad8                nrf_sortlist_add
 .text.nrf_sortlist_pop
                0x0000000000027af8        0xc Output/ble_long_range_beacon Release/Obj/nrf_sortlist.o
                0x0000000000027af8                nrf_sortlist_pop
 .text.nrf_sortlist_peek
                0x0000000000027b04        0x6 Output/ble_long_range_beacon Release/Obj/nrf_sortlist.o
                0x0000000000027b04                nrf_sortlist_peek
 .text.nrf_sortlist_remove
                0x0000000000027b0a       0x1a Output/ble_long_range_beacon Release/Obj/nrf_sortlist.o
                0x0000000000027b0a                nrf_sortlist_remove
 .text.nrf_drv_uart_rx.constprop.0
                0x0000000000027b24       0x28 Output/ble_long_range_beacon Release/Obj/app_uart_fifo.o
 .text.nrf_drv_uart_tx.constprop.0
                0x0000000000027b4c       0x28 Output/ble_long_range_beacon Release/Obj/app_uart_fifo.o
 .text.uart_event_handler
                0x0000000000027b74       0x9c Output/ble_long_range_beacon Release/Obj/app_uart_fifo.o
 .text.app_uart_init
                0x0000000000027c10       0xb0 Output/ble_long_range_beacon Release/Obj/app_uart_fifo.o
                0x0000000000027c10                app_uart_init
 .text.app_uart_flush
                0x0000000000027cc0       0x20 Output/ble_long_range_beacon Release/Obj/app_uart_fifo.o
                0x0000000000027cc0                app_uart_flush
 .text.app_uart_get
                0x0000000000027ce0       0x2c Output/ble_long_range_beacon Release/Obj/app_uart_fifo.o
                0x0000000000027ce0                app_uart_get
 .text.app_fifo_init
                0x0000000000027d0c       0x1e Output/ble_long_range_beacon Release/Obj/app_fifo.o
                0x0000000000027d0c                app_fifo_init
 .text.app_fifo_put
                0x0000000000027d2a       0x24 Output/ble_long_range_beacon Release/Obj/app_fifo.o
                0x0000000000027d2a                app_fifo_put
 .text.app_fifo_get
                0x0000000000027d4e       0x22 Output/ble_long_range_beacon Release/Obj/app_fifo.o
                0x0000000000027d4e                app_fifo_get
 .text.app_fifo_flush
                0x0000000000027d70        0x8 Output/ble_long_range_beacon Release/Obj/app_fifo.o
                0x0000000000027d70                app_fifo_flush
 .text.errata_98
                0x0000000000027d78       0x20 Output/ble_long_range_beacon Release/Obj/system_nrf52840.o
 .text.SystemInit
                0x0000000000027d98      0x1b8 Output/ble_long_range_beacon Release/Obj/system_nrf52840.o
                0x0000000000027d98                SystemInit
 .text.clock_clk_started_notify
                0x0000000000027f50       0x24 Output/ble_long_range_beacon Release/Obj/nrf_drv_clock.o
 .text.clock_irq_handler
                0x0000000000027f74       0x1c Output/ble_long_range_beacon Release/Obj/nrf_drv_clock.o
 .text.soc_evt_handler
                0x0000000000027f90       0x14 Output/ble_long_range_beacon Release/Obj/nrf_drv_clock.o
 .text.nrf_drv_clock_init
                0x0000000000027fa4       0x38 Output/ble_long_range_beacon Release/Obj/nrf_drv_clock.o
                0x0000000000027fa4                nrf_drv_clock_init
 .text.nrf_drv_clock_lfclk_release
                0x0000000000027fdc       0x34 Output/ble_long_range_beacon Release/Obj/nrf_drv_clock.o
                0x0000000000027fdc                nrf_drv_clock_lfclk_release
 .text.sd_state_evt_handler
                0x0000000000028010       0x58 Output/ble_long_range_beacon Release/Obj/nrf_drv_clock.o
 .text.uarte_evt_handler
                0x0000000000028068       0x34 Output/ble_long_range_beacon Release/Obj/nrf_drv_uart.o
 .text.uart_evt_handler
                0x000000000002809c       0x34 Output/ble_long_range_beacon Release/Obj/nrf_drv_uart.o
 .text.nrf_drv_uart_init
                0x00000000000280d0       0x7c Output/ble_long_range_beacon Release/Obj/nrf_drv_uart.o
                0x00000000000280d0                nrf_drv_uart_init
 .text.nrfx_clock_init
                0x000000000002814c       0x18 Output/ble_long_range_beacon Release/Obj/nrfx_clock.o
                0x000000000002814c                nrfx_clock_init
 .text.nrfx_clock_enable
                0x0000000000028164       0x2c Output/ble_long_range_beacon Release/Obj/nrfx_clock.o
                0x0000000000028164                nrfx_clock_enable
 .text.nrfx_clock_lfclk_stop
                0x0000000000028190       0x18 Output/ble_long_range_beacon Release/Obj/nrfx_clock.o
                0x0000000000028190                nrfx_clock_lfclk_stop
 .text.nrf_gpiote_event_clear
                0x00000000000281a8       0x18 Output/ble_long_range_beacon Release/Obj/nrfx_gpiote.o
 .text.nrf_gpio_pin_port_decode
                0x00000000000281c0       0x18 Output/ble_long_range_beacon Release/Obj/nrfx_gpiote.o
 .text.nrf_gpio_cfg_sense_set
                0x00000000000281d8       0x2e Output/ble_long_range_beacon Release/Obj/nrfx_gpiote.o
 *fill*         0x0000000000028206        0x2 
 .text.channel_free
                0x0000000000028208       0x1c Output/ble_long_range_beacon Release/Obj/nrfx_gpiote.o
 .text.nrfx_gpiote_init
                0x0000000000028224       0x70 Output/ble_long_range_beacon Release/Obj/nrfx_gpiote.o
                0x0000000000028224                nrfx_gpiote_init
 .text.nrfx_gpiote_out_init
                0x0000000000028294       0xe0 Output/ble_long_range_beacon Release/Obj/nrfx_gpiote.o
                0x0000000000028294                nrfx_gpiote_out_init
 .text.nrfx_gpiote_out_task_addr_get
                0x0000000000028374       0x1c Output/ble_long_range_beacon Release/Obj/nrfx_gpiote.o
                0x0000000000028374                nrfx_gpiote_out_task_addr_get
 .text.GPIOTE_IRQHandler
                0x0000000000028390      0x1ac Output/ble_long_range_beacon Release/Obj/nrfx_gpiote.o
                0x0000000000028390                GPIOTE_IRQHandler
 .text.UARTE0_UART0_IRQHandler
                0x000000000002853c        0xc Output/ble_long_range_beacon Release/Obj/nrfx_prs.o
                0x000000000002853c                UARTE0_UART0_IRQHandler
 .text.nrfx_prs_acquire
                0x0000000000028548       0x44 Output/ble_long_range_beacon Release/Obj/nrfx_prs.o
                0x0000000000028548                nrfx_prs_acquire
 .text.nrf_uart_event_clear
                0x000000000002858c       0x10 Output/ble_long_range_beacon Release/Obj/nrfx_uart.o
 .text.tx_byte  0x000000000002859c       0x1e Output/ble_long_range_beacon Release/Obj/nrfx_uart.o
 .text.rx_enable.isra.0
                0x00000000000285ba       0x20 Output/ble_long_range_beacon Release/Obj/nrfx_uart.o
 .text.rx_byte  0x00000000000285da       0x2c Output/ble_long_range_beacon Release/Obj/nrfx_uart.o
 *fill*         0x0000000000028606        0x2 
 .text.rx_done_event.constprop.0
                0x0000000000028608       0x20 Output/ble_long_range_beacon Release/Obj/nrfx_uart.o
 .text.nrfx_uart_0_irq_handler
                0x0000000000028628      0x13c Output/ble_long_range_beacon Release/Obj/nrfx_uart.o
                0x0000000000028628                nrfx_uart_0_irq_handler
 .text.nrfx_uart_init
                0x0000000000028764      0x1ac Output/ble_long_range_beacon Release/Obj/nrfx_uart.o
                0x0000000000028764                nrfx_uart_init
 .text.nrfx_uart_tx
                0x0000000000028910       0x8c Output/ble_long_range_beacon Release/Obj/nrfx_uart.o
                0x0000000000028910                nrfx_uart_tx
 .text.nrfx_uart_rx
                0x000000000002899c       0xf0 Output/ble_long_range_beacon Release/Obj/nrfx_uart.o
                0x000000000002899c                nrfx_uart_rx
 .text.nrf_uarte_event_clear
                0x0000000000028a8c       0x10 Output/ble_long_range_beacon Release/Obj/nrfx_uarte.o
 .text.rx_done_event.constprop.0
                0x0000000000028a9c       0x20 Output/ble_long_range_beacon Release/Obj/nrfx_uarte.o
 .text.nrfx_uarte_0_irq_handler
                0x0000000000028abc      0x118 Output/ble_long_range_beacon Release/Obj/nrfx_uarte.o
                0x0000000000028abc                nrfx_uarte_0_irq_handler
 .text.nrfx_uarte_init
                0x0000000000028bd4      0x1c8 Output/ble_long_range_beacon Release/Obj/nrfx_uarte.o
                0x0000000000028bd4                nrfx_uarte_init
 .text.nrfx_uarte_tx
                0x0000000000028d9c       0x90 Output/ble_long_range_beacon Release/Obj/nrfx_uarte.o
                0x0000000000028d9c                nrfx_uarte_tx
 .text.nrfx_uarte_rx
                0x0000000000028e2c       0xd8 Output/ble_long_range_beacon Release/Obj/nrfx_uarte.o
                0x0000000000028e2c                nrfx_uarte_rx
 .text.nrf_saadc_event_clear
                0x0000000000028f04       0x18 Output/ble_long_range_beacon Release/Obj/nrfx_saadc.o
 .text.SAADC_IRQHandler
                0x0000000000028f1c      0x160 Output/ble_long_range_beacon Release/Obj/nrfx_saadc.o
                0x0000000000028f1c                SAADC_IRQHandler
 .text.nrfx_saadc_init
                0x000000000002907c       0x88 Output/ble_long_range_beacon Release/Obj/nrfx_saadc.o
                0x000000000002907c                nrfx_saadc_init
 .text.nrfx_saadc_channel_init
                0x0000000000029104       0x90 Output/ble_long_range_beacon Release/Obj/nrfx_saadc.o
                0x0000000000029104                nrfx_saadc_channel_init
 .text.nrfx_saadc_sample_task_get
                0x0000000000029194       0x1c Output/ble_long_range_beacon Release/Obj/nrfx_saadc.o
                0x0000000000029194                nrfx_saadc_sample_task_get
 .text.nrfx_saadc_buffer_convert
                0x00000000000291b0       0xa8 Output/ble_long_range_beacon Release/Obj/nrfx_saadc.o
                0x00000000000291b0                nrfx_saadc_buffer_convert
 .text.irq_handler.constprop.0
                0x0000000000029258       0x4c Output/ble_long_range_beacon Release/Obj/nrfx_timer.o
 .text.nrfx_timer_init
                0x00000000000292a4       0xd0 Output/ble_long_range_beacon Release/Obj/nrfx_timer.o
                0x00000000000292a4                nrfx_timer_init
 .text.nrfx_timer_enable
                0x0000000000029374       0x1c Output/ble_long_range_beacon Release/Obj/nrfx_timer.o
                0x0000000000029374                nrfx_timer_enable
 .text.nrfx_timer_compare
                0x0000000000029390       0x32 Output/ble_long_range_beacon Release/Obj/nrfx_timer.o
                0x0000000000029390                nrfx_timer_compare
 .text.nrfx_timer_extended_compare
                0x00000000000293c2       0x2a Output/ble_long_range_beacon Release/Obj/nrfx_timer.o
                0x00000000000293c2                nrfx_timer_extended_compare
 .text.TIMER1_IRQHandler
                0x00000000000293ec       0x10 Output/ble_long_range_beacon Release/Obj/nrfx_timer.o
                0x00000000000293ec                TIMER1_IRQHandler
 .text.TIMER2_IRQHandler
                0x00000000000293fc       0x10 Output/ble_long_range_beacon Release/Obj/nrfx_timer.o
                0x00000000000293fc                TIMER2_IRQHandler
 .text.nrfx_ppi_channel_alloc
                0x000000000002940c       0x68 Output/ble_long_range_beacon Release/Obj/nrfx_ppi.o
                0x000000000002940c                nrfx_ppi_channel_alloc
 .text.nrfx_ppi_channel_assign
                0x0000000000029474       0x40 Output/ble_long_range_beacon Release/Obj/nrfx_ppi.o
                0x0000000000029474                nrfx_ppi_channel_assign
 .text.nrfx_ppi_channel_enable
                0x00000000000294b4       0x30 Output/ble_long_range_beacon Release/Obj/nrfx_ppi.o
                0x00000000000294b4                nrfx_ppi_channel_enable
 .text.nrf_drv_ppi_init
                0x00000000000294e4       0x14 Output/ble_long_range_beacon Release/Obj/nrf_drv_ppi.o
                0x00000000000294e4                nrf_drv_ppi_init
 .text.bsp_indication_set
                0x00000000000294f8        0x4 Output/ble_long_range_beacon Release/Obj/bsp.o
                0x00000000000294f8                bsp_indication_set
 .text.bsp_init
                0x00000000000294fc        0x4 Output/ble_long_range_beacon Release/Obj/bsp.o
                0x00000000000294fc                bsp_init
 .text.sd_ble_opt_set
                0x0000000000029500        0x4 Output/ble_long_range_beacon Release/Obj/pa_lna.o
 .text.pa_lna_init
                0x0000000000029504       0xdc Output/ble_long_range_beacon Release/Obj/pa_lna.o
                0x0000000000029504                pa_lna_init
 .text.sd_ble_gap_addr_get
                0x00000000000295e0        0x4 Output/ble_long_range_beacon Release/Obj/main_v2.o
 .text.sd_ble_gap_adv_set_configure
                0x00000000000295e4        0x4 Output/ble_long_range_beacon Release/Obj/main_v2.o
 .text.sd_ble_gap_adv_start
                0x00000000000295e8        0x4 Output/ble_long_range_beacon Release/Obj/main_v2.o
 .text.sd_ble_gap_tx_power_set
                0x00000000000295ec        0x4 Output/ble_long_range_beacon Release/Obj/main_v2.o
 .text.sd_power_dcdc_mode_set
                0x00000000000295f0        0x4 Output/ble_long_range_beacon Release/Obj/main_v2.o
 .text.timer_handler
                0x00000000000295f4        0x2 Output/ble_long_range_beacon Release/Obj/main_v2.o
 .text.uart_error_handle
                0x00000000000295f6       0x12 Output/ble_long_range_beacon Release/Obj/main_v2.o
                0x00000000000295f6                uart_error_handle
 .text.change_manuf_specific_data
                0x0000000000029608       0xf8 Output/ble_long_range_beacon Release/Obj/main_v2.o
 .text.saadc_callback
                0x0000000000029700       0x7c Output/ble_long_range_beacon Release/Obj/main_v2.o
 .text.gps_event_handler
                0x000000000002977c       0x3c Output/ble_long_range_beacon Release/Obj/main_v2.o
 .text.startup.main
                0x00000000000297b8      0x64c Output/ble_long_range_beacon Release/Obj/main_v2.o
                0x00000000000297b8                main
 .text._GetAvailWriteSpace
                0x0000000000029e04       0x1c Output/ble_long_range_beacon Release/Obj/SEGGER_RTT.o
 .text._WriteNoCheck
                0x0000000000029e20       0x38 Output/ble_long_range_beacon Release/Obj/SEGGER_RTT.o
 .text._WriteBlocking
                0x0000000000029e58       0x52 Output/ble_long_range_beacon Release/Obj/SEGGER_RTT.o
 *fill*         0x0000000000029eaa        0x2 
 .text._DoInit  0x0000000000029eac       0x60 Output/ble_long_range_beacon Release/Obj/SEGGER_RTT.o
 .text.SEGGER_RTT_WriteNoLock
                0x0000000000029f0c       0x68 Output/ble_long_range_beacon Release/Obj/SEGGER_RTT.o
                0x0000000000029f0c                SEGGER_RTT_WriteNoLock
 .text.SEGGER_RTT_Write
                0x0000000000029f74       0x40 Output/ble_long_range_beacon Release/Obj/SEGGER_RTT.o
                0x0000000000029f74                SEGGER_RTT_Write
 .text.SEGGER_RTT_WriteString
                0x0000000000029fb4       0x1c Output/ble_long_range_beacon Release/Obj/SEGGER_RTT.o
                0x0000000000029fb4                SEGGER_RTT_WriteString
 .text._StoreChar
                0x0000000000029fd0       0x3c Output/ble_long_range_beacon Release/Obj/SEGGER_RTT_printf.o
 .text._PrintUnsigned
                0x000000000002a00c       0xd0 Output/ble_long_range_beacon Release/Obj/SEGGER_RTT_printf.o
 .text.SEGGER_RTT_vprintf
                0x000000000002a0dc      0x25c Output/ble_long_range_beacon Release/Obj/SEGGER_RTT_printf.o
                0x000000000002a0dc                SEGGER_RTT_vprintf
 .text.SEGGER_RTT_printf
                0x000000000002a338       0x1c Output/ble_long_range_beacon Release/Obj/SEGGER_RTT_printf.o
                0x000000000002a338                SEGGER_RTT_printf
 .text.sd_ble_gap_addr_get
                0x000000000002a354        0x4 Output/ble_long_range_beacon Release/Obj/ble_advdata.o
 .text.sd_ble_gap_appearance_get
                0x000000000002a358        0x4 Output/ble_long_range_beacon Release/Obj/ble_advdata.o
 .text.sd_ble_gap_device_name_get
                0x000000000002a35c        0x4 Output/ble_long_range_beacon Release/Obj/ble_advdata.o
 .text.sd_ble_uuid_encode
                0x000000000002a360        0x4 Output/ble_long_range_beacon Release/Obj/ble_advdata.o
 .text.uuid_list_sized_encode
                0x000000000002a364       0xac Output/ble_long_range_beacon Release/Obj/ble_advdata.o
 .text.uuid_list_encode
                0x000000000002a410       0x38 Output/ble_long_range_beacon Release/Obj/ble_advdata.o
 .text.ble_advdata_encode
                0x000000000002a448      0x394 Output/ble_long_range_beacon Release/Obj/ble_advdata.o
                0x000000000002a448                ble_advdata_encode
 .text.sd_softdevice_enable
                0x000000000002a7dc        0x4 Output/ble_long_range_beacon Release/Obj/nrf_sdh.o
 .text.sdh_request_observer_notify
                0x000000000002a7e0       0x30 Output/ble_long_range_beacon Release/Obj/nrf_sdh.o
 .text.sdh_state_observer_notify
                0x000000000002a810       0x28 Output/ble_long_range_beacon Release/Obj/nrf_sdh.o
 .text.softdevices_evt_irq_enable
                0x000000000002a838       0x38 Output/ble_long_range_beacon Release/Obj/nrf_sdh.o
 .text.nrf_sdh_enable_request
                0x000000000002a870       0x7c Output/ble_long_range_beacon Release/Obj/nrf_sdh.o
                0x000000000002a870                nrf_sdh_enable_request
 .text.nrf_sdh_is_enabled
                0x000000000002a8ec        0xc Output/ble_long_range_beacon Release/Obj/nrf_sdh.o
                0x000000000002a8ec                nrf_sdh_is_enabled
 .text.nrf_sdh_evts_poll
                0x000000000002a8f8       0x28 Output/ble_long_range_beacon Release/Obj/nrf_sdh.o
                0x000000000002a8f8                nrf_sdh_evts_poll
 .text.SWI2_EGU2_IRQHandler
                0x000000000002a920        0x4 Output/ble_long_range_beacon Release/Obj/nrf_sdh.o
                0x000000000002a920                SWI2_EGU2_IRQHandler
 .text.sd_ble_enable
                0x000000000002a924        0x4 Output/ble_long_range_beacon Release/Obj/nrf_sdh_ble.o
 .text.sd_ble_cfg_set
                0x000000000002a928        0x4 Output/ble_long_range_beacon Release/Obj/nrf_sdh_ble.o
 .text.sd_ble_evt_get
                0x000000000002a92c        0x4 Output/ble_long_range_beacon Release/Obj/nrf_sdh_ble.o
 .text.nrf_sdh_ble_evts_poll
                0x000000000002a930       0x50 Output/ble_long_range_beacon Release/Obj/nrf_sdh_ble.o
 .text.nrf_sdh_ble_default_cfg_set
                0x000000000002a980       0xb0 Output/ble_long_range_beacon Release/Obj/nrf_sdh_ble.o
                0x000000000002a980                nrf_sdh_ble_default_cfg_set
 .text.nrf_sdh_ble_enable
                0x000000000002aa30       0x14 Output/ble_long_range_beacon Release/Obj/nrf_sdh_ble.o
                0x000000000002aa30                nrf_sdh_ble_enable
 .text.sd_evt_get
                0x000000000002aa44        0x4 Output/ble_long_range_beacon Release/Obj/nrf_sdh_soc.o
 .text.nrf_sdh_soc_evts_poll
                0x000000000002aa48       0x3c Output/ble_long_range_beacon Release/Obj/nrf_sdh_soc.o
 .text.__aeabi_dadd
                0x000000000002aa84      0x244 C:/Program Files/SEGGER/SEGGER Embedded Studio for ARM 4.52c/lib/libm_v7em_fpv4_sp_d16_hard_t_le_eabi.a(libm_asm.o)
                0x000000000002aa84                __aeabi_dadd
 .text.__aeabi_dsub
                0x000000000002acc8        0x8 C:/Program Files/SEGGER/SEGGER Embedded Studio for ARM 4.52c/lib/libm_v7em_fpv4_sp_d16_hard_t_le_eabi.a(libm_asm.o)
                0x000000000002acc8                __aeabi_dsub
 .text.__aeabi_dmul
                0x000000000002acd0      0x138 C:/Program Files/SEGGER/SEGGER Embedded Studio for ARM 4.52c/lib/libm_v7em_fpv4_sp_d16_hard_t_le_eabi.a(libm_asm.o)
                0x000000000002acd0                __aeabi_dmul
 .text.__aeabi_ddiv
                0x000000000002ae08      0x1cc C:/Program Files/SEGGER/SEGGER Embedded Studio for ARM 4.52c/lib/libm_v7em_fpv4_sp_d16_hard_t_le_eabi.a(libm_asm.o)
                0x000000000002ae08                __aeabi_ddiv
 .text.__aeabi_dcmple
                0x000000000002afd4       0x3c C:/Program Files/SEGGER/SEGGER Embedded Studio for ARM 4.52c/lib/libm_v7em_fpv4_sp_d16_hard_t_le_eabi.a(libm_asm.o)
                0x000000000002afd4                __aeabi_dcmple
 .text.__aeabi_dcmpeq
                0x000000000002b010       0x34 C:/Program Files/SEGGER/SEGGER Embedded Studio for ARM 4.52c/lib/libm_v7em_fpv4_sp_d16_hard_t_le_eabi.a(libm_asm.o)
                0x000000000002b010                __aeabi_dcmpeq
 .text.__aeabi_dcmpgt
                0x000000000002b044       0x38 C:/Program Files/SEGGER/SEGGER Embedded Studio for ARM 4.52c/lib/libm_v7em_fpv4_sp_d16_hard_t_le_eabi.a(libm_asm.o)
                0x000000000002b044                __aeabi_dcmpgt
 .text.__aeabi_dcmplt
                0x000000000002b07c       0x38 C:/Program Files/SEGGER/SEGGER Embedded Studio for ARM 4.52c/lib/libm_v7em_fpv4_sp_d16_hard_t_le_eabi.a(libm_asm.o)
                0x000000000002b07c                __aeabi_dcmplt
 .text.__aeabi_d2uiz
                0x000000000002b0b4       0x28 C:/Program Files/SEGGER/SEGGER Embedded Studio for ARM 4.52c/lib/libm_v7em_fpv4_sp_d16_hard_t_le_eabi.a(libm_asm.o)
                0x000000000002b0b4                __aeabi_d2uiz
 .text.__aeabi_i2d
                0x000000000002b0dc       0x28 C:/Program Files/SEGGER/SEGGER Embedded Studio for ARM 4.52c/lib/libm_v7em_fpv4_sp_d16_hard_t_le_eabi.a(libm_asm.o)
                0x000000000002b0dc                __aeabi_i2d
 .text.__aeabi_ui2d
                0x000000000002b104       0x1c C:/Program Files/SEGGER/SEGGER Embedded Studio for ARM 4.52c/lib/libm_v7em_fpv4_sp_d16_hard_t_le_eabi.a(libm_asm.o)
                0x000000000002b104                __aeabi_ui2d
 .text.__float64_isinf
                0x000000000002b120       0x14 C:/Program Files/SEGGER/SEGGER Embedded Studio for ARM 4.52c/lib/libm_v7em_fpv4_sp_d16_hard_t_le_eabi.a(libm_asm.o)
                0x000000000002b120                __float64_isinf
 .text.__float64_isnan
                0x000000000002b134       0x14 C:/Program Files/SEGGER/SEGGER Embedded Studio for ARM 4.52c/lib/libm_v7em_fpv4_sp_d16_hard_t_le_eabi.a(libm_asm.o)
                0x000000000002b134                __float64_isnan
 .text.fabs     0x000000000002b148       0x10 C:/Program Files/SEGGER/SEGGER Embedded Studio for ARM 4.52c/lib/libm_v7em_fpv4_sp_d16_hard_t_le_eabi.a(libm_asm.o)
                0x000000000002b148                fabs(double)
                0x000000000002b148                fabs
 .text.libc.modf
                0x000000000002b158       0x94 C:/Program Files/SEGGER/SEGGER Embedded Studio for ARM 4.52c/lib/libm_v7em_fpv4_sp_d16_hard_t_le_eabi.a(libm2.o)
                0x000000000002b158                modf(double, double*)
                0x000000000002b158                modf
 *fill*         0x000000000002b1ec        0x4 
 .text.libc.fmod
                0x000000000002b1f0      0x1ac C:/Program Files/SEGGER/SEGGER Embedded Studio for ARM 4.52c/lib/libm_v7em_fpv4_sp_d16_hard_t_le_eabi.a(libm2.o)
                0x000000000002b1f0                fmod
                0x000000000002b1f0                fmod(double, double)
 .text.libc.__RAL_ascii_isctype
                0x000000000002b39c       0x1c C:/Program Files/SEGGER/SEGGER Embedded Studio for ARM 4.52c/lib/libc_v7em_fpv4_sp_d16_hard_t_le_eabi.a(libc2.o)
 .text.libc.__RAL_ascii_toupper
                0x000000000002b3b8        0xc C:/Program Files/SEGGER/SEGGER Embedded Studio for ARM 4.52c/lib/libc_v7em_fpv4_sp_d16_hard_t_le_eabi.a(libc2.o)
 .text.libc.__RAL_ascii_tolower
                0x000000000002b3c4        0xc C:/Program Files/SEGGER/SEGGER Embedded Studio for ARM 4.52c/lib/libc_v7em_fpv4_sp_d16_hard_t_le_eabi.a(libc2.o)
 .text.libc.__RAL_ascii_iswctype
                0x000000000002b3d0       0x1c C:/Program Files/SEGGER/SEGGER Embedded Studio for ARM 4.52c/lib/libc_v7em_fpv4_sp_d16_hard_t_le_eabi.a(libc2.o)
 .text.libc.__RAL_ascii_towupper
                0x000000000002b3ec        0xc C:/Program Files/SEGGER/SEGGER Embedded Studio for ARM 4.52c/lib/libc_v7em_fpv4_sp_d16_hard_t_le_eabi.a(libc2.o)
 .text.libc.__RAL_ascii_towlower
                0x000000000002b3f8        0xc C:/Program Files/SEGGER/SEGGER Embedded Studio for ARM 4.52c/lib/libc_v7em_fpv4_sp_d16_hard_t_le_eabi.a(libc2.o)
 .text.libc.__RAL_ascii_wctomb
                0x000000000002b404        0xe C:/Program Files/SEGGER/SEGGER Embedded Studio for ARM 4.52c/lib/libc_v7em_fpv4_sp_d16_hard_t_le_eabi.a(libc2.o)
                0x000000000002b404                __RAL_ascii_wctomb
 .text.libc.__RAL_ascii_mbtowc
                0x000000000002b412       0x24 C:/Program Files/SEGGER/SEGGER Embedded Studio for ARM 4.52c/lib/libc_v7em_fpv4_sp_d16_hard_t_le_eabi.a(libc2.o)
                0x000000000002b412                __RAL_ascii_mbtowc
 .text.libc.__xtoa
                0x000000000002b436       0x54 C:/Program Files/SEGGER/SEGGER Embedded Studio for ARM 4.52c/lib/libc_v7em_fpv4_sp_d16_hard_t_le_eabi.a(libc2.o)
                0x000000000002b436                __xtoa
 *fill*         0x000000000002b48a        0x2 
 .text.libc.__RAL_isctype
                0x000000000002b48c       0x14 C:/Program Files/SEGGER/SEGGER Embedded Studio for ARM 4.52c/lib/libc_v7em_fpv4_sp_d16_hard_t_le_eabi.a(libc2.o)
                0x000000000002b48c                __RAL_isctype
 .text.libc.isdigit
                0x000000000002b4a0        0xa C:/Program Files/SEGGER/SEGGER Embedded Studio for ARM 4.52c/lib/libc_v7em_fpv4_sp_d16_hard_t_le_eabi.a(libc2.o)
                0x000000000002b4a0                isdigit
 .text.libc.isspace
                0x000000000002b4aa        0xa C:/Program Files/SEGGER/SEGGER Embedded Studio for ARM 4.52c/lib/libc_v7em_fpv4_sp_d16_hard_t_le_eabi.a(libc2.o)
                0x000000000002b4aa                isspace
 .text.libc.__aeabi_errno_addr
                0x000000000002b4b4       0x14 C:/Program Files/SEGGER/SEGGER Embedded Studio for ARM 4.52c/lib/libc_v7em_fpv4_sp_d16_hard_t_le_eabi.a(libc2.o)
                0x000000000002b4b4                __aeabi_errno_addr
 .text.libc.strtod
                0x000000000002b4c8      0x1cc C:/Program Files/SEGGER/SEGGER Embedded Studio for ARM 4.52c/lib/libc_v7em_fpv4_sp_d16_hard_t_le_eabi.a(libc2.o)
                0x000000000002b4c8                strtod
 .text.libc.utoa
                0x000000000002b694        0xa C:/Program Files/SEGGER/SEGGER Embedded Studio for ARM 4.52c/lib/libc_v7em_fpv4_sp_d16_hard_t_le_eabi.a(libc2.o)
                0x000000000002b694                utoa
 .text.libc.memcpy
                0x000000000002b69e       0x52 C:/Program Files/SEGGER/SEGGER Embedded Studio for ARM 4.52c/lib/libc_v7em_fpv4_sp_d16_hard_t_le_eabi.a(libc2_asm.o)
                0x000000000002b69e                __aeabi_memcpy
                0x000000000002b69e                memcpy
                0x000000000002b6aa                __aeabi_memcpy8
                0x000000000002b6aa                __aeabi_memcpy4
 .text.libc.memset
                0x000000000002b6f0       0x66 C:/Program Files/SEGGER/SEGGER Embedded Studio for ARM 4.52c/lib/libc_v7em_fpv4_sp_d16_hard_t_le_eabi.a(libc2_asm.o)
                0x000000000002b6f0                memset
 .text.libc.strcpy
                0x000000000002b756       0x44 C:/Program Files/SEGGER/SEGGER Embedded Studio for ARM 4.52c/lib/libc_v7em_fpv4_sp_d16_hard_t_le_eabi.a(libc2_asm.o)
                0x000000000002b756                strcpy
 .text.libc.strlen
                0x000000000002b79a       0x60 C:/Program Files/SEGGER/SEGGER Embedded Studio for ARM 4.52c/lib/libc_v7em_fpv4_sp_d16_hard_t_le_eabi.a(libc2_asm.o)
                0x000000000002b79a                strlen
                0x000000000002b7fa                __text_end__ = (__text_start__ + SIZEOF (.text))
                0x000000000000442a                __text_size__ = SIZEOF (.text)
                0x000000000002b7fa                __text_load_end__ = __text_end__

.vfp11_veneer   0x0000000100000000        0x0
 .vfp11_veneer  0x0000000100000000        0x0 linker stubs

.v4_bx          0x0000000100000000        0x0
 .v4_bx         0x0000000100000000        0x0 linker stubs

.iplt           0x0000000100000000        0x0
 .iplt          0x0000000100000000        0x0 Output/ble_long_range_beacon Release/Obj/thumb_crt0.o
                0x0000000000000001                . = ASSERT (((__text_start__ == __text_end__) || ((__text_end__ - __FLASH_segment_start__) <= __FLASH_segment_size__)), error: .text is too large to fit in FLASH memory segment)
                0x000000000002b7fc                __sdh_soc_observers_load_start__ = ALIGN (__text_end__, 0x4)

.sdh_soc_observers
                0x000000000002b7fc        0x8
                0x000000000002b7fc                __sdh_soc_observers_start__ = .
                0x000000000002b7fc                __start_sdh_soc_observers = __sdh_soc_observers_start__
 *(SORT_BY_NAME(.sdh_soc_observers*))
 .sdh_soc_observers0
                0x000000000002b7fc        0x8 Output/ble_long_range_beacon Release/Obj/nrf_drv_clock.o
                0x000000000002b804                __sdh_soc_observers_end__ = (__sdh_soc_observers_start__ + SIZEOF (.sdh_soc_observers))
                0x0000000000000008                __sdh_soc_observers_size__ = SIZEOF (.sdh_soc_observers)
                0x000000000002b804                __stop_sdh_soc_observers = __sdh_soc_observers_end__
                0x000000000002b804                __sdh_soc_observers_load_end__ = __sdh_soc_observers_end__
                0x0000000000000001                . = ASSERT (((__sdh_soc_observers_start__ == __sdh_soc_observers_end__) || ((__sdh_soc_observers_end__ - __FLASH_segment_start__) <= __FLASH_segment_size__)), error: .sdh_soc_observers is too large to fit in FLASH memory segment)
                0x000000000002b804                __sdh_ble_observers_load_start__ = ALIGN (__sdh_soc_observers_end__, 0x4)

.sdh_ble_observers
                0x000000000002b804        0x0
                0x000000000002b804                __sdh_ble_observers_start__ = .
                0x000000000002b804                __start_sdh_ble_observers = __sdh_ble_observers_start__
 *(SORT_BY_NAME(.sdh_ble_observers*))
                0x000000000002b804                __sdh_ble_observers_end__ = (__sdh_ble_observers_start__ + SIZEOF (.sdh_ble_observers))
                0x0000000000000000                __sdh_ble_observers_size__ = SIZEOF (.sdh_ble_observers)
                0x000000000002b804                __stop_sdh_ble_observers = __sdh_ble_observers_end__
                0x000000000002b804                __sdh_ble_observers_load_end__ = __sdh_ble_observers_end__
                0x0000000000000001                . = ASSERT (((__sdh_ble_observers_start__ == __sdh_ble_observers_end__) || ((__sdh_ble_observers_end__ - __FLASH_segment_start__) <= __FLASH_segment_size__)), error: .sdh_ble_observers is too large to fit in FLASH memory segment)
                0x000000000002b804                __pwr_mgmt_data_load_start__ = ALIGN (__sdh_ble_observers_end__, 0x4)

.pwr_mgmt_data  0x000000000002b804        0x0
                0x000000000002b804                __pwr_mgmt_data_start__ = .
                0x000000000002b804                __start_pwr_mgmt_data = __pwr_mgmt_data_start__
 *(SORT_BY_NAME(.pwr_mgmt_data*))
                0x000000000002b804                __pwr_mgmt_data_end__ = (__pwr_mgmt_data_start__ + SIZEOF (.pwr_mgmt_data))
                0x0000000000000000                __pwr_mgmt_data_size__ = SIZEOF (.pwr_mgmt_data)
                0x000000000002b804                __stop_pwr_mgmt_data = __pwr_mgmt_data_end__
                0x000000000002b804                __pwr_mgmt_data_load_end__ = __pwr_mgmt_data_end__
                0x0000000000000001                . = ASSERT (((__pwr_mgmt_data_start__ == __pwr_mgmt_data_end__) || ((__pwr_mgmt_data_end__ - __FLASH_segment_start__) <= __FLASH_segment_size__)), error: .pwr_mgmt_data is too large to fit in FLASH memory segment)
                0x000000000002b804                __sdh_state_observers_load_start__ = ALIGN (__pwr_mgmt_data_end__, 0x4)

.sdh_state_observers
                0x000000000002b804        0x8
                0x000000000002b804                __sdh_state_observers_start__ = .
                0x000000000002b804                __start_sdh_state_observers = __sdh_state_observers_start__
 *(SORT_BY_NAME(.sdh_state_observers*))
 .sdh_state_observers0
                0x000000000002b804        0x8 Output/ble_long_range_beacon Release/Obj/nrf_drv_clock.o
                0x000000000002b80c                __sdh_state_observers_end__ = (__sdh_state_observers_start__ + SIZEOF (.sdh_state_observers))
                0x0000000000000008                __sdh_state_observers_size__ = SIZEOF (.sdh_state_observers)
                0x000000000002b80c                __stop_sdh_state_observers = __sdh_state_observers_end__
                0x000000000002b80c                __sdh_state_observers_load_end__ = __sdh_state_observers_end__
                0x0000000000000001                . = ASSERT (((__sdh_state_observers_start__ == __sdh_state_observers_end__) || ((__sdh_state_observers_end__ - __FLASH_segment_start__) <= __FLASH_segment_size__)), error: .sdh_state_observers is too large to fit in FLASH memory segment)
                0x000000000002b80c                __sdh_stack_observers_load_start__ = ALIGN (__sdh_state_observers_end__, 0x4)

.sdh_stack_observers
                0x000000000002b80c       0x10
                0x000000000002b80c                __sdh_stack_observers_start__ = .
                0x000000000002b80c                __start_sdh_stack_observers = __sdh_stack_observers_start__
 *(SORT_BY_NAME(.sdh_stack_observers*))
 .sdh_stack_observers0
                0x000000000002b80c        0x8 Output/ble_long_range_beacon Release/Obj/nrf_sdh_ble.o
 .sdh_stack_observers0
                0x000000000002b814        0x8 Output/ble_long_range_beacon Release/Obj/nrf_sdh_soc.o
                0x000000000002b81c                __sdh_stack_observers_end__ = (__sdh_stack_observers_start__ + SIZEOF (.sdh_stack_observers))
                0x0000000000000010                __sdh_stack_observers_size__ = SIZEOF (.sdh_stack_observers)
                0x000000000002b81c                __stop_sdh_stack_observers = __sdh_stack_observers_end__
                0x000000000002b81c                __sdh_stack_observers_load_end__ = __sdh_stack_observers_end__
                0x0000000000000001                . = ASSERT (((__sdh_stack_observers_start__ == __sdh_stack_observers_end__) || ((__sdh_stack_observers_end__ - __FLASH_segment_start__) <= __FLASH_segment_size__)), error: .sdh_stack_observers is too large to fit in FLASH memory segment)
                0x000000000002b81c                __sdh_req_observers_load_start__ = ALIGN (__sdh_stack_observers_end__, 0x4)

.sdh_req_observers
                0x000000000002b81c        0x0
                0x000000000002b81c                __sdh_req_observers_start__ = .
                0x000000000002b81c                __start_sdh_req_observers = __sdh_req_observers_start__
 *(SORT_BY_NAME(.sdh_req_observers*))
                0x000000000002b81c                __sdh_req_observers_end__ = (__sdh_req_observers_start__ + SIZEOF (.sdh_req_observers))
                0x0000000000000000                __sdh_req_observers_size__ = SIZEOF (.sdh_req_observers)
                0x000000000002b81c                __stop_sdh_req_observers = __sdh_req_observers_end__
                0x000000000002b81c                __sdh_req_observers_load_end__ = __sdh_req_observers_end__
                0x0000000000000001                . = ASSERT (((__sdh_req_observers_start__ == __sdh_req_observers_end__) || ((__sdh_req_observers_end__ - __FLASH_segment_start__) <= __FLASH_segment_size__)), error: .sdh_req_observers is too large to fit in FLASH memory segment)
                0x000000000002b81c                __nrf_queue_load_start__ = ALIGN (__sdh_req_observers_end__, 0x4)

.nrf_queue      0x000000000002b81c        0x0
                0x000000000002b81c                __nrf_queue_start__ = .
                0x000000000002b81c                __start_nrf_queue = __nrf_queue_start__
 *(.nrf_queue*)
                0x000000000002b81c                __nrf_queue_end__ = (__nrf_queue_start__ + SIZEOF (.nrf_queue))
                0x0000000000000000                __nrf_queue_size__ = SIZEOF (.nrf_queue)
                0x000000000002b81c                __stop_nrf_queue = __nrf_queue_end__
                0x000000000002b81c                __nrf_queue_load_end__ = __nrf_queue_end__
                0x0000000000000001                . = ASSERT (((__nrf_queue_start__ == __nrf_queue_end__) || ((__nrf_queue_end__ - __FLASH_segment_start__) <= __FLASH_segment_size__)), error: .nrf_queue is too large to fit in FLASH memory segment)
                0x000000000002b81c                __nrf_balloc_load_start__ = ALIGN (__nrf_queue_end__, 0x4)

.nrf_balloc     0x000000000002b81c        0x0
                0x000000000002b81c                __nrf_balloc_start__ = .
                0x000000000002b81c                __start_nrf_balloc = __nrf_balloc_start__
 *(.nrf_balloc*)
                0x000000000002b81c                __nrf_balloc_end__ = (__nrf_balloc_start__ + SIZEOF (.nrf_balloc))
                0x0000000000000000                __nrf_balloc_size__ = SIZEOF (.nrf_balloc)
                0x000000000002b81c                __stop_nrf_balloc = __nrf_balloc_end__
                0x000000000002b81c                __nrf_balloc_load_end__ = __nrf_balloc_end__
                0x0000000000000001                . = ASSERT (((__nrf_balloc_start__ == __nrf_balloc_end__) || ((__nrf_balloc_end__ - __FLASH_segment_start__) <= __FLASH_segment_size__)), error: .nrf_balloc is too large to fit in FLASH memory segment)
                0x000000000002b81c                __cli_command_load_start__ = ALIGN (__nrf_balloc_end__, 0x4)

.cli_command    0x000000000002b81c        0x0
                0x000000000002b81c                __cli_command_start__ = .
                0x000000000002b81c                __start_cli_command = __cli_command_start__
 *(.cli_command*)
                0x000000000002b81c                __cli_command_end__ = (__cli_command_start__ + SIZEOF (.cli_command))
                0x0000000000000000                __cli_command_size__ = SIZEOF (.cli_command)
                0x000000000002b81c                __stop_cli_command = __cli_command_end__
                0x000000000002b81c                __cli_command_load_end__ = __cli_command_end__
                0x0000000000000001                . = ASSERT (((__cli_command_start__ == __cli_command_end__) || ((__cli_command_end__ - __FLASH_segment_start__) <= __FLASH_segment_size__)), error: .cli_command is too large to fit in FLASH memory segment)
                0x000000000002b81c                __crypto_data_load_start__ = ALIGN (__cli_command_end__, 0x4)

.crypto_data    0x000000000002b81c        0x0
                0x000000000002b81c                __crypto_data_start__ = .
                0x000000000002b81c                __start_crypto_data = __crypto_data_start__
 *(SORT_BY_NAME(.crypto_data*))
                0x000000000002b81c                __crypto_data_end__ = (__crypto_data_start__ + SIZEOF (.crypto_data))
                0x0000000000000000                __crypto_data_size__ = SIZEOF (.crypto_data)
                0x000000000002b81c                __stop_crypto_data = __crypto_data_end__
                0x000000000002b81c                __crypto_data_load_end__ = __crypto_data_end__
                0x0000000000000001                . = ASSERT (((__crypto_data_start__ == __crypto_data_end__) || ((__crypto_data_end__ - __FLASH_segment_start__) <= __FLASH_segment_size__)), error: .crypto_data is too large to fit in FLASH memory segment)
                0x000000000002b81c                __log_const_data_load_start__ = ALIGN (__crypto_data_end__, 0x4)

.log_const_data
                0x000000000002b81c        0x0
                0x000000000002b81c                __log_const_data_start__ = .
                0x000000000002b81c                __start_log_const_data = __log_const_data_start__
 *(SORT_BY_NAME(.log_const_data*))
                0x000000000002b81c                __log_const_data_end__ = (__log_const_data_start__ + SIZEOF (.log_const_data))
                0x0000000000000000                __log_const_data_size__ = SIZEOF (.log_const_data)
                0x000000000002b81c                __stop_log_const_data = __log_const_data_end__
                0x000000000002b81c                __log_const_data_load_end__ = __log_const_data_end__
                0x0000000000000001                . = ASSERT (((__log_const_data_start__ == __log_const_data_end__) || ((__log_const_data_end__ - __FLASH_segment_start__) <= __FLASH_segment_size__)), error: .log_const_data is too large to fit in FLASH memory segment)
                0x000000000002b81c                __log_backends_load_start__ = ALIGN (__log_const_data_end__, 0x4)

.log_backends   0x000000000002b81c        0x0
                0x000000000002b81c                __log_backends_start__ = .
                0x000000000002b81c                __start_log_backends = __log_backends_start__
 *(SORT_BY_NAME(.log_backends*))
                0x000000000002b81c                __log_backends_end__ = (__log_backends_start__ + SIZEOF (.log_backends))
                0x0000000000000000                __log_backends_size__ = SIZEOF (.log_backends)
                0x000000000002b81c                __stop_log_backends = __log_backends_end__
                0x000000000002b81c                __log_backends_load_end__ = __log_backends_end__
                0x0000000000000001                . = ASSERT (((__log_backends_start__ == __log_backends_end__) || ((__log_backends_end__ - __FLASH_segment_start__) <= __FLASH_segment_size__)), error: .log_backends is too large to fit in FLASH memory segment)
                0x000000000002b81c                __nrf_sections_load_start__ = ALIGN (__log_backends_end__, 0x4)

.nrf_sections   0x000000000002b81c        0x0
                0x000000000002b81c                __nrf_sections_start__ = .
                0x000000000002b81c                __start_nrf_sections = __nrf_sections_start__
 *(.nrf_sections .nrf_sections.*)
                0x000000000002b81c                __nrf_sections_end__ = (__nrf_sections_start__ + SIZEOF (.nrf_sections))
                0x0000000000000000                __nrf_sections_size__ = SIZEOF (.nrf_sections)
                0x000000000002b81c                __nrf_sections_load_end__ = __nrf_sections_end__
                0x0000000000000001                . = ASSERT (((__nrf_sections_start__ == __nrf_sections_end__) || ((__nrf_sections_end__ - __FLASH_segment_start__) <= __FLASH_segment_size__)), error: .nrf_sections is too large to fit in FLASH memory segment)
                0x000000000002b81c                __cli_sorted_cmd_ptrs_load_start__ = ALIGN (__nrf_sections_end__, 0x4)

.cli_sorted_cmd_ptrs
                0x00000000200018d8        0x0 load address 0x000000000002b81c
                0x00000000200018d8                __cli_sorted_cmd_ptrs_start__ = .
 *(.cli_sorted_cmd_ptrs*)
                0x00000000200018d8                __cli_sorted_cmd_ptrs_end__ = (__cli_sorted_cmd_ptrs_start__ + SIZEOF (.cli_sorted_cmd_ptrs))
                0x0000000000000000                __cli_sorted_cmd_ptrs_size__ = SIZEOF (.cli_sorted_cmd_ptrs)
                0x000000000002b81c                __cli_sorted_cmd_ptrs_load_end__ = (__cli_sorted_cmd_ptrs_load_start__ + SIZEOF (.cli_sorted_cmd_ptrs))
                0x0000000000000001                . = ASSERT (((__cli_sorted_cmd_ptrs_load_start__ == __cli_sorted_cmd_ptrs_load_end__) || ((__cli_sorted_cmd_ptrs_load_end__ - __FLASH_segment_start__) <= __FLASH_segment_size__)), error: .cli_sorted_cmd_ptrs is too large to fit in FLASH memory segment)

.cli_sorted_cmd_ptrs_run
                0x00000000200018d8        0x0
                0x00000000200018d8                __cli_sorted_cmd_ptrs_run_start__ = .
                0x00000000200018d8                __start_cli_sorted_cmd_ptrs = __cli_sorted_cmd_ptrs_run_start__
                0x00000000200018d8                . = MAX ((__cli_sorted_cmd_ptrs_run_start__ + SIZEOF (.cli_sorted_cmd_ptrs)), .)
                0x00000000200018d8                __cli_sorted_cmd_ptrs_run_end__ = (__cli_sorted_cmd_ptrs_run_start__ + SIZEOF (.cli_sorted_cmd_ptrs_run))
                0x0000000000000000                __cli_sorted_cmd_ptrs_run_size__ = SIZEOF (.cli_sorted_cmd_ptrs_run)
                0x00000000200018d8                __stop_cli_sorted_cmd_ptrs = __cli_sorted_cmd_ptrs_run_end__
                0x00000000200018d8                __cli_sorted_cmd_ptrs_run_load_end__ = __cli_sorted_cmd_ptrs_run_end__
                0x0000000000000001                . = ASSERT (((__cli_sorted_cmd_ptrs_run_start__ == __cli_sorted_cmd_ptrs_run_end__) || ((__cli_sorted_cmd_ptrs_run_end__ - __RAM_segment_start__) <= __RAM_segment_size__)), error: .cli_sorted_cmd_ptrs_run is too large to fit in RAM memory segment)
                0x000000000002b81c                __fs_data_load_start__ = ALIGN ((__cli_sorted_cmd_ptrs_load_start__ + SIZEOF (.cli_sorted_cmd_ptrs)), 0x4)

.fs_data        0x00000000200018d8        0x0 load address 0x000000000002b81c
                0x00000000200018d8                __fs_data_start__ = .
 *(.fs_data*)
                0x00000000200018d8                __fs_data_end__ = (__fs_data_start__ + SIZEOF (.fs_data))
                0x0000000000000000                __fs_data_size__ = SIZEOF (.fs_data)
                0x000000000002b81c                __fs_data_load_end__ = (__fs_data_load_start__ + SIZEOF (.fs_data))
                0x0000000000000001                . = ASSERT (((__fs_data_load_start__ == __fs_data_load_end__) || ((__fs_data_load_end__ - __FLASH_segment_start__) <= __FLASH_segment_size__)), error: .fs_data is too large to fit in FLASH memory segment)

.fs_data_run    0x00000000200018d8        0x0
                0x00000000200018d8                __fs_data_run_start__ = .
                0x00000000200018d8                __start_fs_data = __fs_data_run_start__
                0x00000000200018d8                . = MAX ((__fs_data_run_start__ + SIZEOF (.fs_data)), .)
                0x00000000200018d8                __fs_data_run_end__ = (__fs_data_run_start__ + SIZEOF (.fs_data_run))
                0x0000000000000000                __fs_data_run_size__ = SIZEOF (.fs_data_run)
                0x00000000200018d8                __stop_fs_data = __fs_data_run_end__
                0x00000000200018d8                __fs_data_run_load_end__ = __fs_data_run_end__
                0x0000000000000001                . = ASSERT (((__fs_data_run_start__ == __fs_data_run_end__) || ((__fs_data_run_end__ - __RAM_segment_start__) <= __RAM_segment_size__)), error: .fs_data_run is too large to fit in RAM memory segment)
                0x000000000002b81c                __log_dynamic_data_load_start__ = ALIGN ((__fs_data_load_start__ + SIZEOF (.fs_data)), 0x4)

.log_dynamic_data
                0x00000000200018d8        0x0 load address 0x000000000002b81c
                0x00000000200018d8                __log_dynamic_data_start__ = .
 *(SORT_BY_NAME(.log_dynamic_data*))
                0x00000000200018d8                __log_dynamic_data_end__ = (__log_dynamic_data_start__ + SIZEOF (.log_dynamic_data))
                0x0000000000000000                __log_dynamic_data_size__ = SIZEOF (.log_dynamic_data)
                0x000000000002b81c                __log_dynamic_data_load_end__ = (__log_dynamic_data_load_start__ + SIZEOF (.log_dynamic_data))
                0x0000000000000001                . = ASSERT (((__log_dynamic_data_load_start__ == __log_dynamic_data_load_end__) || ((__log_dynamic_data_load_end__ - __FLASH_segment_start__) <= __FLASH_segment_size__)), error: .log_dynamic_data is too large to fit in FLASH memory segment)

.log_dynamic_data_run
                0x00000000200018d8        0x0
                0x00000000200018d8                __log_dynamic_data_run_start__ = .
                0x00000000200018d8                __start_log_dynamic_data = __log_dynamic_data_run_start__
                0x00000000200018d8                . = MAX ((__log_dynamic_data_run_start__ + SIZEOF (.log_dynamic_data)), .)
                0x00000000200018d8                __log_dynamic_data_run_end__ = (__log_dynamic_data_run_start__ + SIZEOF (.log_dynamic_data_run))
                0x0000000000000000                __log_dynamic_data_run_size__ = SIZEOF (.log_dynamic_data_run)
                0x00000000200018d8                __stop_log_dynamic_data = __log_dynamic_data_run_end__
                0x00000000200018d8                __log_dynamic_data_run_load_end__ = __log_dynamic_data_run_end__
                0x0000000000000001                . = ASSERT (((__log_dynamic_data_run_start__ == __log_dynamic_data_run_end__) || ((__log_dynamic_data_run_end__ - __RAM_segment_start__) <= __RAM_segment_size__)), error: .log_dynamic_data_run is too large to fit in RAM memory segment)
                0x000000000002b81c                __log_filter_data_load_start__ = ALIGN ((__log_dynamic_data_load_start__ + SIZEOF (.log_dynamic_data)), 0x4)

.log_filter_data
                0x00000000200018d8        0x0 load address 0x000000000002b81c
                0x00000000200018d8                __log_filter_data_start__ = .
 *(SORT_BY_NAME(.log_filter_data*))
                0x00000000200018d8                __log_filter_data_end__ = (__log_filter_data_start__ + SIZEOF (.log_filter_data))
                0x0000000000000000                __log_filter_data_size__ = SIZEOF (.log_filter_data)
                0x000000000002b81c                __log_filter_data_load_end__ = (__log_filter_data_load_start__ + SIZEOF (.log_filter_data))
                0x0000000000000001                . = ASSERT (((__log_filter_data_load_start__ == __log_filter_data_load_end__) || ((__log_filter_data_load_end__ - __FLASH_segment_start__) <= __FLASH_segment_size__)), error: .log_filter_data is too large to fit in FLASH memory segment)

.log_filter_data_run
                0x00000000200018d8        0x0
                0x00000000200018d8                __log_filter_data_run_start__ = .
                0x00000000200018d8                __start_log_filter_data = __log_filter_data_run_start__
                0x00000000200018d8                . = MAX ((__log_filter_data_run_start__ + SIZEOF (.log_filter_data)), .)
                0x00000000200018d8                __log_filter_data_run_end__ = (__log_filter_data_run_start__ + SIZEOF (.log_filter_data_run))
                0x0000000000000000                __log_filter_data_run_size__ = SIZEOF (.log_filter_data_run)
                0x00000000200018d8                __stop_log_filter_data = __log_filter_data_run_end__
                0x00000000200018d8                __log_filter_data_run_load_end__ = __log_filter_data_run_end__
                0x0000000000000001                . = ASSERT (((__log_filter_data_run_start__ == __log_filter_data_run_end__) || ((__log_filter_data_run_end__ - __RAM_segment_start__) <= __RAM_segment_size__)), error: .log_filter_data_run is too large to fit in RAM memory segment)
                0x00000000200018d8                __nrf_sections_run_end_load_start__ = ALIGN (__log_filter_data_run_end__, 0x4)

.nrf_sections_run_end
                0x00000000200018d8        0x0
                0x00000000200018d8                __nrf_sections_run_end_start__ = .
                0x00000000200018d8                __end_nrf_sections_run = __nrf_sections_run_end_start__
 *(.nrf_sections_run_end .nrf_sections_run_end.*)
                0x00000000200018d8                __nrf_sections_run_end_end__ = (__nrf_sections_run_end_start__ + SIZEOF (.nrf_sections_run_end))
                0x0000000000000000                __nrf_sections_run_end_size__ = SIZEOF (.nrf_sections_run_end)
                0x00000000200018d8                __nrf_sections_run_end_load_end__ = __nrf_sections_run_end_end__
                0x0000000000000001                . = ASSERT (((__nrf_sections_run_end_start__ == __nrf_sections_run_end_end__) || ((__nrf_sections_run_end_end__ - __RAM_segment_start__) <= __RAM_segment_size__)), error: .nrf_sections_run_end is too large to fit in RAM memory segment)
                0x000000000002b81c                __dtors_load_start__ = ALIGN ((__log_filter_data_load_start__ + SIZEOF (.log_filter_data)), 0x4)

.dtors          0x000000000002b81c        0x0
                0x000000000002b81c                __dtors_start__ = .
 *(SORT_BY_NAME(.dtors.*))
 *(.dtors)
 *(.fini_array)
 *(SORT_BY_NAME(.fini_array.*))
                0x000000000002b81c                __dtors_end__ = (__dtors_start__ + SIZEOF (.dtors))
                0x0000000000000000                __dtors_size__ = SIZEOF (.dtors)
                0x000000000002b81c                __dtors_load_end__ = __dtors_end__
                0x0000000000000001                . = ASSERT (((__dtors_start__ == __dtors_end__) || ((__dtors_end__ - __FLASH_segment_start__) <= __FLASH_segment_size__)), error: .dtors is too large to fit in FLASH memory segment)
                0x000000000002b81c                __ctors_load_start__ = ALIGN (__dtors_end__, 0x4)

.ctors          0x000000000002b81c        0x0
                0x000000000002b81c                __ctors_start__ = .
 *(SORT_BY_NAME(.ctors.*))
 *(.ctors)
 *(.init_array)
 *(SORT_BY_NAME(.init_array.*))
                0x000000000002b81c                __ctors_end__ = (__ctors_start__ + SIZEOF (.ctors))
                0x0000000000000000                __ctors_size__ = SIZEOF (.ctors)
                0x000000000002b81c                __ctors_load_end__ = __ctors_end__
                0x0000000000000001                . = ASSERT (((__ctors_start__ == __ctors_end__) || ((__ctors_end__ - __FLASH_segment_start__) <= __FLASH_segment_size__)), error: .ctors is too large to fit in FLASH memory segment)
                0x000000000002b81c                __rodata_load_start__ = ALIGN (__ctors_end__, 0x4)

.rodata         0x000000000002b81c      0x438
                0x000000000002b81c                __rodata_start__ = .
 *(.rodata .rodata.* .gnu.linkonce.r.*)
 .rodata        0x000000000002b81c        0x4 Output/ble_long_range_beacon Release/Obj/app_timer2.o
 .rodata.m_app_timer_sortlist
                0x000000000002b820        0xc Output/ble_long_range_beacon Release/Obj/app_timer2.o
 *fill*         0x000000000002b82c        0x4 
 .rodata.delay_machine_code.8331
                0x000000000002b830        0x6 Output/ble_long_range_beacon Release/Obj/drv_rtc.o
 *fill*         0x000000000002b836        0x2 
 .rodata.pwr_mgmt_data
                0x000000000002b838        0xc Output/ble_long_range_beacon Release/Obj/nrf_pwr_mgmt.o
 .rodata        0x000000000002b844       0x20 Output/ble_long_range_beacon Release/Obj/app_uart_fifo.o
 .rodata        0x000000000002b864        0x3 Output/ble_long_range_beacon Release/Obj/pa_lna.o
 .rodata.saadc_callback.str1.1
                0x000000000002b867       0x17 Output/ble_long_range_beacon Release/Obj/main_v2.o
                                         0x1b (size before relaxing)
 .rodata.main.str1.1
                0x000000000002b87e       0xf5 Output/ble_long_range_beacon Release/Obj/main_v2.o
 *fill*         0x000000000002b973        0x1 
 .rodata        0x000000000002b974       0x24 Output/ble_long_range_beacon Release/Obj/main_v2.o
 .rodata.default_config.11671
                0x000000000002b998        0x4 Output/ble_long_range_beacon Release/Obj/main_v2.o
 .rodata.gps_timer
                0x000000000002b99c        0x8 Output/ble_long_range_beacon Release/Obj/main_v2.o
 .rodata.m_timer
                0x000000000002b9a4        0x8 Output/ble_long_range_beacon Release/Obj/main_v2.o
 .rodata._DoInit.str1.1
                0x000000000002b9ac       0x14 Output/ble_long_range_beacon Release/Obj/SEGGER_RTT.o
 .rodata._aV2C.8447
                0x000000000002b9c0       0x10 Output/ble_long_range_beacon Release/Obj/SEGGER_RTT_printf.o
 .rodata        0x000000000002b9d0        0x4 Output/ble_long_range_beacon Release/Obj/nrf_sdh.o
 .rodata.sdh_req_observers
                0x000000000002b9d4        0xc Output/ble_long_range_beacon Release/Obj/nrf_sdh.o
 .rodata.sdh_stack_observers
                0x000000000002b9e0        0xc Output/ble_long_range_beacon Release/Obj/nrf_sdh.o
 .rodata.sdh_state_observers
                0x000000000002b9ec        0xc Output/ble_long_range_beacon Release/Obj/nrf_sdh.o
 .rodata.sdh_ble_observers
                0x000000000002b9f8        0xc Output/ble_long_range_beacon Release/Obj/nrf_sdh_ble.o
 .rodata.sdh_soc_observers
                0x000000000002ba04        0xc Output/ble_long_range_beacon Release/Obj/nrf_sdh_soc.o
 .rodata.libc.__RAL_find_locale.str1.4
                0x000000000002ba10        0xa C:/Program Files/SEGGER/SEGGER Embedded Studio for ARM 4.52c/lib/libc_v7em_fpv4_sp_d16_hard_t_le_eabi.a(libc2.o)
 *fill*         0x000000000002ba1a        0x2 
 .rodata.libc.__RAL_ascii_ctype_map
                0x000000000002ba1c       0x80 C:/Program Files/SEGGER/SEGGER Embedded Studio for ARM 4.52c/lib/libc_v7em_fpv4_sp_d16_hard_t_le_eabi.a(libc2.o)
                0x000000000002ba1c                __RAL_ascii_ctype_map
 .rodata.libc.__RAL_ascii_ctype_mask
                0x000000000002ba9c        0xd C:/Program Files/SEGGER/SEGGER Embedded Studio for ARM 4.52c/lib/libc_v7em_fpv4_sp_d16_hard_t_le_eabi.a(libc2.o)
 *fill*         0x000000000002baa9        0x3 
 .rodata.libc.__RAL_c_locale
                0x000000000002baac        0xc C:/Program Files/SEGGER/SEGGER Embedded Studio for ARM 4.52c/lib/libc_v7em_fpv4_sp_d16_hard_t_le_eabi.a(libc2.o)
                0x000000000002baac                __RAL_c_locale
 .rodata.libc.__RAL_c_locale_abbrev_day_names
                0x000000000002bab8       0x1d C:/Program Files/SEGGER/SEGGER Embedded Studio for ARM 4.52c/lib/libc_v7em_fpv4_sp_d16_hard_t_le_eabi.a(libc2.o)
                0x000000000002bab8                __RAL_c_locale_abbrev_day_names
 *fill*         0x000000000002bad5        0x3 
 .rodata.libc.__RAL_c_locale_abbrev_month_names
                0x000000000002bad8       0x31 C:/Program Files/SEGGER/SEGGER Embedded Studio for ARM 4.52c/lib/libc_v7em_fpv4_sp_d16_hard_t_le_eabi.a(libc2.o)
                0x000000000002bad8                __RAL_c_locale_abbrev_month_names
 *fill*         0x000000000002bb09        0x3 
 .rodata.libc.__RAL_c_locale_am_pm_indicator
                0x000000000002bb0c        0x7 C:/Program Files/SEGGER/SEGGER Embedded Studio for ARM 4.52c/lib/libc_v7em_fpv4_sp_d16_hard_t_le_eabi.a(libc2.o)
                0x000000000002bb0c                __RAL_c_locale_am_pm_indicator
 *fill*         0x000000000002bb13        0x1 
 .rodata.libc.__RAL_c_locale_data
                0x000000000002bb14       0x58 C:/Program Files/SEGGER/SEGGER Embedded Studio for ARM 4.52c/lib/libc_v7em_fpv4_sp_d16_hard_t_le_eabi.a(libc2.o)
                0x000000000002bb14                __RAL_c_locale_data
 .rodata.libc.__RAL_c_locale_date_format
                0x000000000002bb6c        0x9 C:/Program Files/SEGGER/SEGGER Embedded Studio for ARM 4.52c/lib/libc_v7em_fpv4_sp_d16_hard_t_le_eabi.a(libc2.o)
                0x000000000002bb6c                __RAL_c_locale_date_format
 *fill*         0x000000000002bb75        0x3 
 .rodata.libc.__RAL_c_locale_date_time_format
                0x000000000002bb78        0xf C:/Program Files/SEGGER/SEGGER Embedded Studio for ARM 4.52c/lib/libc_v7em_fpv4_sp_d16_hard_t_le_eabi.a(libc2.o)
                0x000000000002bb78                __RAL_c_locale_date_time_format
 *fill*         0x000000000002bb87        0x1 
 .rodata.libc.__RAL_c_locale_day_names
                0x000000000002bb88       0x3a C:/Program Files/SEGGER/SEGGER Embedded Studio for ARM 4.52c/lib/libc_v7em_fpv4_sp_d16_hard_t_le_eabi.a(libc2.o)
                0x000000000002bb88                __RAL_c_locale_day_names
 *fill*         0x000000000002bbc2        0x2 
 .rodata.libc.__RAL_c_locale_month_names
                0x000000000002bbc4       0x57 C:/Program Files/SEGGER/SEGGER Embedded Studio for ARM 4.52c/lib/libc_v7em_fpv4_sp_d16_hard_t_le_eabi.a(libc2.o)
                0x000000000002bbc4                __RAL_c_locale_month_names
 *fill*         0x000000000002bc1b        0x1 
 .rodata.libc.__RAL_c_locale_time_format
                0x000000000002bc1c        0x9 C:/Program Files/SEGGER/SEGGER Embedded Studio for ARM 4.52c/lib/libc_v7em_fpv4_sp_d16_hard_t_le_eabi.a(libc2.o)
                0x000000000002bc1c                __RAL_c_locale_time_format
 *fill*         0x000000000002bc25        0x3 
 .rodata.libc.__RAL_codeset_ascii
                0x000000000002bc28       0x20 C:/Program Files/SEGGER/SEGGER Embedded Studio for ARM 4.52c/lib/libc_v7em_fpv4_sp_d16_hard_t_le_eabi.a(libc2.o)
                0x000000000002bc28                __RAL_codeset_ascii
 .rodata.libc.__RAL_data_empty_string
                0x000000000002bc48        0x1 C:/Program Files/SEGGER/SEGGER Embedded Studio for ARM 4.52c/lib/libc_v7em_fpv4_sp_d16_hard_t_le_eabi.a(libc2.o)
                0x000000000002bc48                __RAL_data_empty_string
 *fill*         0x000000000002bc49        0x3 
 .rodata.libc.__RAL_data_utf8_period
                0x000000000002bc4c        0x2 C:/Program Files/SEGGER/SEGGER Embedded Studio for ARM 4.52c/lib/libc_v7em_fpv4_sp_d16_hard_t_le_eabi.a(libc2.o)
                0x000000000002bc4c                __RAL_data_utf8_period
 *fill*         0x000000000002bc4e        0x2 
 .rodata.libc.__aeabi_EDOM
                0x000000000002bc50        0x4 C:/Program Files/SEGGER/SEGGER Embedded Studio for ARM 4.52c/lib/libc_v7em_fpv4_sp_d16_hard_t_le_eabi.a(libc2.o)
                0x000000000002bc50                __aeabi_EDOM
                0x000000000002bc54                __rodata_end__ = (__rodata_start__ + SIZEOF (.rodata))
                0x0000000000000438                __rodata_size__ = SIZEOF (.rodata)
                0x000000000002bc54                __rodata_load_end__ = __rodata_end__

.rel.dyn        0x000000000002bc54        0x0
 .rel.iplt      0x000000000002bc54        0x0 Output/ble_long_range_beacon Release/Obj/thumb_crt0.o
                0x0000000000000001                . = ASSERT (((__rodata_start__ == __rodata_end__) || ((__rodata_end__ - __FLASH_segment_start__) <= __FLASH_segment_size__)), error: .rodata is too large to fit in FLASH memory segment)
                0x000000000002bc54                __ARM.exidx_load_start__ = ALIGN (__rodata_end__, 0x4)

.ARM.exidx      0x000000000002bc54        0x0
                0x000000000002bc54                __ARM.exidx_start__ = .
                0x000000000002bc54                __exidx_start = __ARM.exidx_start__
 *(.ARM.exidx .ARM.exidx.*)
                0x000000000002bc54                __ARM.exidx_end__ = (__ARM.exidx_start__ + SIZEOF (.ARM.exidx))
                0x0000000000000000                __ARM.exidx_size__ = SIZEOF (.ARM.exidx)
                0x000000000002bc54                __exidx_end = __ARM.exidx_end__
                0x000000000002bc54                __ARM.exidx_load_end__ = __ARM.exidx_end__
                0x0000000000000001                . = ASSERT (((__ARM.exidx_start__ == __ARM.exidx_end__) || ((__ARM.exidx_end__ - __FLASH_segment_start__) <= __FLASH_segment_size__)), error: .ARM.exidx is too large to fit in FLASH memory segment)
                0x000000000002bc54                __fast_load_start__ = ALIGN (__ARM.exidx_end__, 0x4)

.fast           0x00000000200018d8        0x0 load address 0x000000000002bc54
                0x00000000200018d8                __fast_start__ = .
 *(.fast .fast.*)
                0x00000000200018d8                __fast_end__ = (__fast_start__ + SIZEOF (.fast))
                0x0000000000000000                __fast_size__ = SIZEOF (.fast)
                0x000000000002bc54                __fast_load_end__ = (__fast_load_start__ + SIZEOF (.fast))
                0x0000000000000001                . = ASSERT (((__fast_load_start__ == __fast_load_end__) || ((__fast_load_end__ - __FLASH_segment_start__) <= __FLASH_segment_size__)), error: .fast is too large to fit in FLASH memory segment)

.fast_run       0x00000000200018d8        0x0
                0x00000000200018d8                __fast_run_start__ = .
                0x00000000200018d8                . = MAX ((__fast_run_start__ + SIZEOF (.fast)), .)
                0x00000000200018d8                __fast_run_end__ = (__fast_run_start__ + SIZEOF (.fast_run))
                0x0000000000000000                __fast_run_size__ = SIZEOF (.fast_run)
                0x00000000200018d8                __fast_run_load_end__ = __fast_run_end__
                0x0000000000000001                . = ASSERT (((__fast_run_start__ == __fast_run_end__) || ((__fast_run_end__ - __RAM_segment_start__) <= __RAM_segment_size__)), error: .fast_run is too large to fit in RAM memory segment)
                0x000000000002bc54                __data_load_start__ = ALIGN ((__fast_load_start__ + SIZEOF (.fast)), 0x4)

.data           0x00000000200018d8       0x60 load address 0x000000000002bc54
                0x00000000200018d8                __data_start__ = .
 *(.data .data.* .gnu.linkonce.d.*)
 .data.m_rtc_inst
                0x00000000200018d8        0x8 Output/ble_long_range_beacon Release/Obj/app_timer2.o
 .data.app_uart_inst
                0x00000000200018e0       0x14 Output/ble_long_range_beacon Release/Obj/app_uart_fifo.o
 .data.SystemCoreClock
                0x00000000200018f4        0x4 Output/ble_long_range_beacon Release/Obj/system_nrf52840.o
                0x00000000200018f4                SystemCoreClock
 .data.m_adv_data
                0x00000000200018f8       0x10 Output/ble_long_range_beacon Release/Obj/main_v2.o
 .data.m_adv_handle
                0x0000000020001908        0x1 Output/ble_long_range_beacon Release/Obj/main_v2.o
 .data.m_beacon_info
                0x0000000020001909       0x1b Output/ble_long_range_beacon Release/Obj/main_v2.o
 .data.libc.__RAL_global_locale
                0x0000000020001924       0x14 C:/Program Files/SEGGER/SEGGER Embedded Studio for ARM 4.52c/lib/libc_v7em_fpv4_sp_d16_hard_t_le_eabi.a(libc2.o)
                0x0000000020001924                __RAL_global_locale
                0x0000000020001938                __data_end__ = (__data_start__ + SIZEOF (.data))
                0x0000000000000060                __data_size__ = SIZEOF (.data)
                0x000000000002bcb4                __data_load_end__ = (__data_load_start__ + SIZEOF (.data))

.igot.plt       0x0000000100000000        0x0
 .igot.plt      0x0000000100000000        0x0 Output/ble_long_range_beacon Release/Obj/thumb_crt0.o
                0x0000000000000001                . = ASSERT (((__data_load_start__ == __data_load_end__) || ((__data_load_end__ - __FLASH_segment_start__) <= __FLASH_segment_size__)), error: .data is too large to fit in FLASH memory segment)

.data_run       0x00000000200018d8       0x60 load address 0x000000000002bc54
                0x00000000200018d8                __data_run_start__ = .
                0x0000000020001938                . = MAX ((__data_run_start__ + SIZEOF (.data)), .)
 *fill*         0x00000000200018d8       0x60 
                0x0000000020001938                __data_run_end__ = (__data_run_start__ + SIZEOF (.data_run))
                0x0000000000000060                __data_run_size__ = SIZEOF (.data_run)
                0x0000000020001938                __data_run_load_end__ = __data_run_end__
                0x0000000000000001                . = ASSERT (((__data_run_start__ == __data_run_end__) || ((__data_run_end__ - __RAM_segment_start__) <= __RAM_segment_size__)), error: .data_run is too large to fit in RAM memory segment)
                0x000000000002bcb4                __tdata_load_start__ = ALIGN ((__data_load_start__ + SIZEOF (.data)), 0x4)

.tdata          0x0000000020001938        0x0 load address 0x000000000002bcb4
                0x0000000020001938                __tdata_start__ = .
 *(.tdata .tdata.*)
                0x0000000020001938                __tdata_end__ = (__tdata_start__ + SIZEOF (.tdata))
                0x0000000000000000                __tdata_size__ = SIZEOF (.tdata)
                0x000000000002bcb4                __tdata_load_end__ = (__tdata_load_start__ + SIZEOF (.tdata))
                0x000000000002bcb4                __FLASH_segment_used_end__ = (ALIGN ((__data_load_start__ + SIZEOF (.data)), 0x4) + SIZEOF (.tdata))
                0x000000000002bcb4                __FLASH_segment_used_size__ = (__FLASH_segment_used_end__ - __FLASH_segment_start__)
                0x0000000000000001                . = ASSERT (((__tdata_load_start__ == __tdata_load_end__) || ((__tdata_load_end__ - __FLASH_segment_start__) <= __FLASH_segment_size__)), error: .tdata is too large to fit in FLASH memory segment)

.tdata_run      0x0000000020001938        0x0
                0x0000000020001938                __tdata_run_start__ = .
                0x0000000020001938                . = MAX ((__tdata_run_start__ + SIZEOF (.tdata)), .)
                0x0000000020001938                __tdata_run_end__ = (__tdata_run_start__ + SIZEOF (.tdata_run))
                0x0000000000000000                __tdata_run_size__ = SIZEOF (.tdata_run)
                0x0000000020001938                __tdata_run_load_end__ = __tdata_run_end__
                0x0000000000000001                . = ASSERT (((__tdata_run_start__ == __tdata_run_end__) || ((__tdata_run_end__ - __RAM_segment_start__) <= __RAM_segment_size__)), error: .tdata_run is too large to fit in RAM memory segment)
                0x0000000020001938                __bss_load_start__ = ALIGN (__tdata_run_end__, 0x4)

.bss            0x0000000020001938      0x81c
                0x0000000020001938                __bss_start__ = .
 *(.bss .bss.* .gnu.linkonce.b.*)
 .bss.m_app_timer_sortlist_sortlist_cb
                0x0000000020001938        0x4 Output/ble_long_range_beacon Release/Obj/app_timer2.o
 *fill*         0x000000002000193c        0x4 
 .bss.m_base_counter
                0x0000000020001940        0x8 Output/ble_long_range_beacon Release/Obj/app_timer2.o
 .bss.m_global_active
                0x0000000020001948        0x1 Output/ble_long_range_beacon Release/Obj/app_timer2.o
 *fill*         0x0000000020001949        0x3 
 .bss.m_req_fifo_data
                0x000000002000194c       0x58 Output/ble_long_range_beacon Release/Obj/app_timer2.o
 .bss.m_req_fifo_inst
                0x00000000200019a4       0x10 Output/ble_long_range_beacon Release/Obj/app_timer2.o
 *fill*         0x00000000200019b4        0x4 
 .bss.m_stamp64
                0x00000000200019b8        0x8 Output/ble_long_range_beacon Release/Obj/app_timer2.o
 .bss.mp_active_timer
                0x00000000200019c0        0x4 Output/ble_long_range_beacon Release/Obj/app_timer2.o
 .bss.nrf_nvic_state
                0x00000000200019c4        0xc Output/ble_long_range_beacon Release/Obj/app_util_platform.o
                0x00000000200019c4                nrf_nvic_state
 .bss.m_cb      0x00000000200019d0        0x8 Output/ble_long_range_beacon Release/Obj/drv_rtc.o
 .bss.m_handlers
                0x00000000200019d8        0x4 Output/ble_long_range_beacon Release/Obj/drv_rtc.o
 .bss.m_handlers_iter
                0x00000000200019dc        0x8 Output/ble_long_range_beacon Release/Obj/nrf_pwr_mgmt.o
 .bss.m_shutdown_started
                0x00000000200019e4        0x1 Output/ble_long_range_beacon Release/Obj/nrf_pwr_mgmt.o
 *fill*         0x00000000200019e5        0x3 
 .bss.m_sysoff_mtx
                0x00000000200019e8        0x4 Output/ble_long_range_beacon Release/Obj/nrf_pwr_mgmt.o
 .bss.m_event_handler
                0x00000000200019ec        0x4 Output/ble_long_range_beacon Release/Obj/app_uart_fifo.o
 .bss.m_rx_fifo
                0x00000000200019f0       0x10 Output/ble_long_range_beacon Release/Obj/app_uart_fifo.o
 .bss.m_rx_ovf  0x0000000020001a00        0x1 Output/ble_long_range_beacon Release/Obj/app_uart_fifo.o
 *fill*         0x0000000020001a01        0x3 
 .bss.m_tx_fifo
                0x0000000020001a04       0x10 Output/ble_long_range_beacon Release/Obj/app_uart_fifo.o
 .bss.rx_buffer
                0x0000000020001a14        0x1 Output/ble_long_range_beacon Release/Obj/app_uart_fifo.o
 .bss.tx_buffer
                0x0000000020001a15        0x1 Output/ble_long_range_beacon Release/Obj/app_uart_fifo.o
 *fill*         0x0000000020001a16        0x2 
 .bss.m_clock_cb
                0x0000000020001a18       0x14 Output/ble_long_range_beacon Release/Obj/nrf_drv_clock.o
 .bss.m_contexts
                0x0000000020001a2c        0x8 Output/ble_long_range_beacon Release/Obj/nrf_drv_uart.o
 .bss.m_handlers
                0x0000000020001a34        0x8 Output/ble_long_range_beacon Release/Obj/nrf_drv_uart.o
 .bss.nrf_drv_uart_use_easy_dma
                0x0000000020001a3c        0x2 Output/ble_long_range_beacon Release/Obj/nrf_drv_uart.o
                0x0000000020001a3c                nrf_drv_uart_use_easy_dma
 *fill*         0x0000000020001a3e        0x2 
 .bss.m_clock_cb
                0x0000000020001a40        0x8 Output/ble_long_range_beacon Release/Obj/nrfx_clock.o
 .bss.nrfx_clock_irq_enabled
                0x0000000020001a48        0x1 Output/ble_long_range_beacon Release/Obj/nrfx_clock.o
                0x0000000020001a48                nrfx_clock_irq_enabled
 *fill*         0x0000000020001a49        0x3 
 .bss.m_cb      0x0000000020001a4c       0x6c Output/ble_long_range_beacon Release/Obj/nrfx_gpiote.o
 .bss.m_prs_box_4
                0x0000000020001ab8        0x8 Output/ble_long_range_beacon Release/Obj/nrfx_prs.o
 .bss.m_cb      0x0000000020001ac0       0x2c Output/ble_long_range_beacon Release/Obj/nrfx_uart.o
 .bss.m_cb      0x0000000020001aec       0x24 Output/ble_long_range_beacon Release/Obj/nrfx_uarte.o
 .bss.m_cb      0x0000000020001b10       0x30 Output/ble_long_range_beacon Release/Obj/nrfx_saadc.o
 .bss.m_cb      0x0000000020001b40       0x18 Output/ble_long_range_beacon Release/Obj/nrfx_timer.o
 .bss.m_channels_allocated
                0x0000000020001b58        0x4 Output/ble_long_range_beacon Release/Obj/nrfx_ppi.o
 .bss.m_drv_state
                0x0000000020001b5c        0x1 Output/ble_long_range_beacon Release/Obj/nrf_drv_ppi.o
 .bss.addr      0x0000000020001b5d        0x7 Output/ble_long_range_beacon Release/Obj/main_v2.o
 .bss.advdata   0x0000000020001b64       0x3c Output/ble_long_range_beacon Release/Obj/main_v2.o
 .bss.altitude  0x0000000020001ba0        0x2 Output/ble_long_range_beacon Release/Obj/main_v2.o
 .bss.gps_buffer
                0x0000000020001ba2       0xc0 Output/ble_long_range_beacon Release/Obj/main_v2.o
 .bss.lat_direction
                0x0000000020001c62        0x1 Output/ble_long_range_beacon Release/Obj/main_v2.o
 *fill*         0x0000000020001c63        0x1 
 .bss.latitude  0x0000000020001c64        0x4 Output/ble_long_range_beacon Release/Obj/main_v2.o
 .bss.long_direction
                0x0000000020001c68        0x1 Output/ble_long_range_beacon Release/Obj/main_v2.o
 *fill*         0x0000000020001c69        0x3 
 .bss.longitude
                0x0000000020001c6c        0x4 Output/ble_long_range_beacon Release/Obj/main_v2.o
 .bss.m_adc_evt_counter
                0x0000000020001c70        0x4 Output/ble_long_range_beacon Release/Obj/main_v2.o
 .bss.m_adv_params
                0x0000000020001c74       0x18 Output/ble_long_range_beacon Release/Obj/main_v2.o
 .bss.m_buffer_pool
                0x0000000020001c8c        0xc Output/ble_long_range_beacon Release/Obj/main_v2.o
 .bss.m_enc_advdata
                0x0000000020001c98       0x1f Output/ble_long_range_beacon Release/Obj/main_v2.o
 .bss.m_ppi_channel
                0x0000000020001cb7        0x1 Output/ble_long_range_beacon Release/Obj/main_v2.o
 .bss.manuf_specific_data